Component: ARM Compiler 5.06 update 6 (build 750) Tool: armlink [4d35ed]

==============================================================================

Section Cross References

    main.o(i.lcd_clear) refers to main.o(i.send_cmd) for send_cmd
    main.o(i.lcd_init) refers to main.o(i.Delay) for Delay
    main.o(i.lcd_init) refers to main.o(i.send_cmd) for send_cmd
    main.o(i.lcd_pos) refers to main.o(i.send_cmd) for send_cmd
    main.o(i.lcd_wstr) refers to main.o(i.lcd_pos) for lcd_pos
    main.o(i.lcd_wstr) refers to main.o(i.write_char) for write_char
    main.o(i.main) refers to devinit.o(i.Device_Init) for Device_Init
    main.o(i.main) refers to main.o(i.lcd_init) for lcd_init
    main.o(i.main) refers to main.o(i.send_cmd) for send_cmd
    main.o(i.main) refers to main.o(i.lcd_wstr) for lcd_wstr
    main.o(i.send_cmd) refers to main.o(i.send_dat) for send_dat
    main.o(i.send_dat) refers to main.o(i.Delay) for Delay
    main.o(i.write_char) refers to main.o(i.send_dat) for send_dat
    main.o(i.write_figer) refers to main.o(i.lcd_pos) for lcd_pos
    main.o(i.write_figer) refers to aeabi_sdiv.o(.text) for __aeabi_uidivmod
    main.o(i.write_figer) refers to main.o(i.write_char) for write_char
    led.o(i.LED_init) refers to gpio.o(i.GPIO_AF_SEL) for GPIO_AF_SEL
    led.o(i._crol_) refers to delay.o(i.delay_ms) for delay_ms
    led.o(i._cror_) refers to delay.o(i.delay_ms) for delay_ms
    beep.o(i.BUZ_init) refers to gpio.o(i.GPIO_AF_SEL) for GPIO_AF_SEL
    beep.o(i.SysRun_Hint) refers to delay.o(i.delay_ms) for delay_ms
    key.o(i.KEY_init) refers to gpio.o(i.GPIO_AF_SEL) for GPIO_AF_SEL
    key.o(i.KEY_init) refers to gpio.o(i.GPIO_PUPD_SEL) for GPIO_PUPD_SEL
    key.o(i.Key_Ctrl) refers to key.o(i.Key_ReadSta_Task) for Key_ReadSta_Task
    key.o(i.Key_Ctrl) refers to led.o(i._cror_) for _cror_
    key.o(i.Key_Ctrl) refers to led.o(i._crol_) for _crol_
    key.o(i.Key_Ctrl) refers to key.o(.data) for .data
    key.o(i.Key_ReadSta_Task) refers to key.o(.data) for .data
    oled.o(i.OLED_Clear) refers to oled.o(i.OLED_WR_Byte) for OLED_WR_Byte
    oled.o(i.OLED_Display_Off) refers to oled.o(i.OLED_WR_Byte) for OLED_WR_Byte
    oled.o(i.OLED_Display_On) refers to oled.o(i.OLED_WR_Byte) for OLED_WR_Byte
    oled.o(i.OLED_DrawBMP) refers to oled.o(i.OLED_Set_Pos) for OLED_Set_Pos
    oled.o(i.OLED_DrawBMP) refers to oled.o(i.OLED_WR_Byte) for OLED_WR_Byte
    oled.o(i.OLED_FirstPage) refers to oled.o(i.OLED_ShowCHinese) for OLED_ShowCHinese
    oled.o(i.OLED_FirstPage) refers to oled.o(i.OLED_ShowNum) for OLED_ShowNum
    oled.o(i.OLED_FirstPage) refers to oled.o(i.OLED_ShowString) for OLED_ShowString
    oled.o(i.OLED_Init) refers to delay.o(i.delay_ms) for delay_ms
    oled.o(i.OLED_Init) refers to oled.o(i.OLED_WR_Byte) for OLED_WR_Byte
    oled.o(i.OLED_Init) refers to oled.o(i.OLED_Clear) for OLED_Clear
    oled.o(i.OLED_Init) refers to oled.o(i.OLED_Set_Pos) for OLED_Set_Pos
    oled.o(i.OLED_Set_Pos) refers to oled.o(i.OLED_WR_Byte) for OLED_WR_Byte
    oled.o(i.OLED_ShowCHinese) refers to oled.o(i.OLED_Set_Pos) for OLED_Set_Pos
    oled.o(i.OLED_ShowCHinese) refers to oled.o(i.OLED_WR_Byte) for OLED_WR_Byte
    oled.o(i.OLED_ShowCHinese) refers to oled.o(.data) for .data
    oled.o(i.OLED_ShowChar) refers to oled.o(i.OLED_Set_Pos) for OLED_Set_Pos
    oled.o(i.OLED_ShowChar) refers to oled.o(i.OLED_WR_Byte) for OLED_WR_Byte
    oled.o(i.OLED_ShowChar) refers to oled.o(.constdata) for .constdata
    oled.o(i.OLED_ShowNum) refers to oled.o(i.oled_pow) for oled_pow
    oled.o(i.OLED_ShowNum) refers to aeabi_sdiv.o(.text) for __aeabi_uidivmod
    oled.o(i.OLED_ShowNum) refers to oled.o(i.OLED_ShowChar) for OLED_ShowChar
    oled.o(i.OLED_ShowString) refers to oled.o(i.OLED_ShowChar) for OLED_ShowChar
    startup_sc32f5832.o(STACK) refers (Special) to heapauxi.o(.text) for __use_two_region_memory
    startup_sc32f5832.o(HEAP) refers (Special) to heapauxi.o(.text) for __use_two_region_memory
    startup_sc32f5832.o(RESET) refers (Special) to heapauxi.o(.text) for __use_two_region_memory
    startup_sc32f5832.o(RESET) refers to startup_sc32f5832.o(.text) for Reset_Handler
    startup_sc32f5832.o(RESET) refers to isr.o(i.NMI_Handler) for NMI_Handler
    startup_sc32f5832.o(RESET) refers to isr.o(i.HardFault_Handler) for HardFault_Handler
    startup_sc32f5832.o(RESET) refers to isr.o(i.SVC_Handler) for SVC_Handler
    startup_sc32f5832.o(RESET) refers to isr.o(i.PendSV_Handler) for PendSV_Handler
    startup_sc32f5832.o(RESET) refers to isr.o(i.SysTick_Handler) for SysTick_Handler
    startup_sc32f5832.o(RESET) refers to uart0.o(i.UART0_IRQHandler) for UART0_IRQHandler
    startup_sc32f5832.o(RESET) refers to uart1.o(i.UART1_IRQHandler) for UART1_IRQHandler
    startup_sc32f5832.o(RESET) refers to isr.o(i.SPI0_IRQHandler) for SPI0_IRQHandler
    startup_sc32f5832.o(RESET) refers to isr.o(i.ACMP_OPA_IRQHandler) for ACMP_OPA_IRQHandler
    startup_sc32f5832.o(RESET) refers to isr.o(i.TIMER0_IRQHandler) for TIMER0_IRQHandler
    startup_sc32f5832.o(RESET) refers to isr.o(i.TIM6_T0_IRQHandler) for TIM6_T0_IRQHandler
    startup_sc32f5832.o(RESET) refers to isr.o(i.TIM6_T1_IRQHandler) for TIM6_T1_IRQHandler
    startup_sc32f5832.o(RESET) refers to isr.o(i.DMA_IRQHandler) for DMA_IRQHandler
    startup_sc32f5832.o(RESET) refers to isr.o(i.COPROC_IRQHandler) for COPROC_IRQHandler
    startup_sc32f5832.o(RESET) refers to isr.o(i.SYS_IRQHandler) for SYS_IRQHandler
    startup_sc32f5832.o(RESET) refers to isr.o(i.WWDT_IRQHandler) for WWDT_IRQHandler
    startup_sc32f5832.o(RESET) refers to isr.o(i.IWDT_IRQHandler) for IWDT_IRQHandler
    startup_sc32f5832.o(RESET) refers to isr.o(i.GPIO0_IRQHandler) for GPIO0_IRQHandler
    startup_sc32f5832.o(RESET) refers to isr.o(i.GPIO1_IRQHandler) for GPIO1_IRQHandler
    startup_sc32f5832.o(RESET) refers to isr.o(i.GPIO2_IRQHandler) for GPIO2_IRQHandler
    startup_sc32f5832.o(RESET) refers to isr.o(i.ADC0_IRQHandler) for ADC0_IRQHandler
    startup_sc32f5832.o(RESET) refers to isr.o(i.ADC1_IRQHandler) for ADC1_IRQHandler
    startup_sc32f5832.o(RESET) refers to isr.o(i.ADC2_IRQHandler) for ADC2_IRQHandler
    startup_sc32f5832.o(RESET) refers to isr.o(i.ADC_IRQHandler) for ADC_IRQHandler
    startup_sc32f5832.o(RESET) refers to isr.o(i.PWM0_IRQHandler) for PWM0_IRQHandler
    startup_sc32f5832.o(RESET) refers to isr.o(i.PWM4_IRQHandler) for PWM4_IRQHandler
    startup_sc32f5832.o(RESET) refers to isr.o(i.PWM_COMB_IRQHandler) for PWM_COMB_IRQHandler
    startup_sc32f5832.o(RESET) refers to isr.o(i.ERU0_IRQHandler) for ERU0_IRQHandler
    startup_sc32f5832.o(RESET) refers to isr.o(i.ERU1_IRQHandler) for ERU1_IRQHandler
    startup_sc32f5832.o(RESET) refers to isr.o(i.ERU2_IRQHandler) for ERU2_IRQHandler
    startup_sc32f5832.o(RESET) refers to isr.o(i.ERU3_IRQHandler) for ERU3_IRQHandler
    startup_sc32f5832.o(.text) refers (Special) to heapauxi.o(.text) for __use_two_region_memory
    startup_sc32f5832.o(.text) refers to system_sc32f5832.o(i.SystemInit) for SystemInit
    startup_sc32f5832.o(.text) refers to __main.o(!!!main) for __main
    startup_sc32f5832.o(.text) refers to startup_sc32f5832.o(HEAP) for Heap_Mem
    startup_sc32f5832.o(.text) refers to startup_sc32f5832.o(STACK) for Stack_Mem
    system_sc32f5832.o(i.SystemCoreClockUpdate) refers to system_sc32f5832.o(.data) for .data
    adc.o(i.ADC_Init) refers to adc.o(.data) for .data
    clk.o(i.SetPll) refers to clk.o(i.PLLSET) for PLLSET
    clk.o(i.SetPll) refers to clk.o(i.OPENPLL) for OPENPLL
    clk.o(i.SysCLK_Init) refers to clk.o(i.SetPll) for SetPll
    clk.o(i.SysCLK_Init) refers to clk.o(i.SetSysTick) for SetSysTick
    devinit.o(i.Device_Init) refers to clk.o(i.SysCLK_Init) for SysCLK_Init
    devinit.o(i.Device_Init) refers to led.o(i.LED_init) for LED_init
    dma.o(i.DMA_CH0_ADC) refers to dma.o(.bss) for .bss
    eru.o(i.CP1_Init) refers to gpio.o(i.GPIO_AF_SEL) for GPIO_AF_SEL
    gpio.o(i.GPIO_AF_SEL) refers to gpio.o(i.__ARM_common_switch8) for __ARM_common_switch8
    gpio.o(i.GPIO_DRV_SEL) refers to gpio.o(i.__ARM_common_switch8) for __ARM_common_switch8
    gpio.o(i.GPIO_OD_SEL) refers to gpio.o(i.__ARM_common_switch8) for __ARM_common_switch8
    gpio.o(i.GPIO_PUPD_SEL) refers to gpio.o(i.__ARM_common_switch8) for __ARM_common_switch8
    irq.o(i.IRQ_Disable) refers to irq.o(i.__NVIC_DisableIRQ) for __NVIC_DisableIRQ
    irq.o(i.IRQ_Enable) refers to irq.o(i.__NVIC_EnableIRQ) for __NVIC_EnableIRQ
    irq.o(i.IRQ_Init) refers to irq.o(i.__NVIC_ClearPendingIRQ) for __NVIC_ClearPendingIRQ
    irq.o(i.IRQ_Init) refers to irq.o(i.__NVIC_SetPriority) for __NVIC_SetPriority
    isr.o(i.TIM6_T0_IRQHandler) refers to delay.o(i.delay_ms) for delay_ms
    pwm.o(i.PWM_Init) refers to pwm.o(i.PWM_CFG) for PWM_CFG
    uart0.o(i.ReadUartBuf) refers to uart0.o(i.UartRevFunc) for UartRevFunc
    uart0.o(i.ReadUartBuf) refers to uart0.o(.bss) for .bss
    uart0.o(i.SendResponse) refers to uart0.o(i.UartSendByte) for UartSendByte
    uart0.o(i.SendResponse) refers to uart0.o(.bss) for .bss
    uart0.o(i.UART0_IRQHandler) refers to uart0.o(.bss) for .bss
    uart0.o(i.UartRevFunc) refers to uart0.o(.bss) for .bss
    uart0.o(i.UartSendByte) refers to uart0.o(.bss) for .bss
    uart0.o(i.UartSendStart) refers to uart0.o(.bss) for .bss
    uart0.o(i.UartSendString) refers to uart0.o(.bss) for .bss
    uart0.o(i.UartSentUint32ToASCII) refers to uart0.o(i.UartSendByte) for UartSendByte
    uart1.o(i.ReadUart1Buf) refers to uart1.o(i.Uart1RevFunc) for Uart1RevFunc
    uart1.o(i.ReadUart1Buf) refers to uart1.o(.bss) for .bss
    uart1.o(i.Send1Response) refers to uart1.o(i.Uart1SendByte) for Uart1SendByte
    uart1.o(i.Send1Response) refers to uart1.o(.bss) for .bss
    uart1.o(i.UART1_IRQHandler) refers to uart1.o(.bss) for .bss
    uart1.o(i.Uart1RevFunc) refers to uart1.o(.bss) for .bss
    uart1.o(i.Uart1SendByte) refers to uart1.o(.bss) for .bss
    uart1.o(i.Uart1SendStart) refers to uart1.o(.bss) for .bss
    uart1.o(i.Uart1SendString) refers to uart1.o(.bss) for .bss
    __main.o(!!!main) refers to __rtentry.o(.ARM.Collect$$rtentry$$00000000) for __rt_entry
    __rtentry.o(.ARM.Collect$$rtentry$$00000000) refers (Special) to __rtentry2.o(.ARM.Collect$$rtentry$$0000000A) for __rt_entry_li
    __rtentry.o(.ARM.Collect$$rtentry$$00000000) refers (Special) to __rtentry2.o(.ARM.Collect$$rtentry$$0000000D) for __rt_entry_main
    __rtentry.o(.ARM.Collect$$rtentry$$00000000) refers (Special) to __rtentry2.o(.ARM.Collect$$rtentry$$0000000C) for __rt_entry_postli_1
    __rtentry.o(.ARM.Collect$$rtentry$$00000000) refers (Special) to __rtentry2.o(.ARM.Collect$$rtentry$$00000009) for __rt_entry_postsh_1
    __rtentry.o(.ARM.Collect$$rtentry$$00000000) refers (Special) to __rtentry2.o(.ARM.Collect$$rtentry$$00000002) for __rt_entry_presh_1
    __rtentry.o(.ARM.Collect$$rtentry$$00000000) refers (Special) to __rtentry4.o(.ARM.Collect$$rtentry$$00000004) for __rt_entry_sh
    aeabi_idiv0_sigfpe.o(.text) refers to rt_div0.o(.text) for __rt_div0
    __rtentry2.o(.ARM.Collect$$rtentry$$00000008) refers to boardinit2.o(.text) for _platform_post_stackheap_init
    __rtentry2.o(.ARM.Collect$$rtentry$$0000000A) refers to libinit.o(.ARM.Collect$$libinit$$00000000) for __rt_lib_init
    __rtentry2.o(.ARM.Collect$$rtentry$$0000000B) refers to boardinit3.o(.text) for _platform_post_lib_init
    __rtentry2.o(.ARM.Collect$$rtentry$$0000000D) refers to main.o(i.main) for main
    __rtentry2.o(.ARM.Collect$$rtentry$$0000000D) refers to exit.o(.text) for exit
    __rtentry2.o(.ARM.exidx) refers to __rtentry2.o(.ARM.Collect$$rtentry$$00000001) for .ARM.Collect$$rtentry$$00000001
    __rtentry2.o(.ARM.exidx) refers to __rtentry2.o(.ARM.Collect$$rtentry$$00000008) for .ARM.Collect$$rtentry$$00000008
    __rtentry2.o(.ARM.exidx) refers to __rtentry2.o(.ARM.Collect$$rtentry$$0000000A) for .ARM.Collect$$rtentry$$0000000A
    __rtentry2.o(.ARM.exidx) refers to __rtentry2.o(.ARM.Collect$$rtentry$$0000000B) for .ARM.Collect$$rtentry$$0000000B
    __rtentry2.o(.ARM.exidx) refers to __rtentry2.o(.ARM.Collect$$rtentry$$0000000D) for .ARM.Collect$$rtentry$$0000000D
    __rtentry4.o(.ARM.Collect$$rtentry$$00000004) refers to sys_stackheap_outer.o(.text) for __user_setup_stackheap
    __rtentry4.o(.ARM.exidx) refers to __rtentry4.o(.ARM.Collect$$rtentry$$00000004) for .ARM.Collect$$rtentry$$00000004
    rt_div0.o(.text) refers to defsig_fpe_outer.o(.text) for __rt_SIGFPE
    sys_stackheap_outer.o(.text) refers to libspace.o(.text) for __user_perproc_libspace
    sys_stackheap_outer.o(.text) refers to startup_sc32f5832.o(.text) for __user_initial_stackheap
    sys_stackheap_outer.o(__vectab_stack_and_reset_area) refers to tempstk.o(.text) for __temporary_stack_top
    sys_stackheap_outer.o(__vectab_stack_and_reset_area) refers to __main.o(!!!main) for __main
    exit.o(.text) refers to rtexit.o(.ARM.Collect$$rtexit$$00000000) for __rt_exit
    defsig_fpe_outer.o(.text) refers to defsig_fpe_inner.o(.text) for __rt_SIGFPE_inner
    defsig_fpe_outer.o(.text) refers to defsig_exit.o(.text) for __sig_exit
    defsig_fpe_formal.o(.text) refers to rt_raise.o(.text) for __rt_raise
    libinit.o(.ARM.Collect$$libinit$$00000000) refers (Special) to libinit2.o(.ARM.Collect$$libinit$$0000002E) for __rt_lib_init_alloca_1
    libinit.o(.ARM.Collect$$libinit$$00000000) refers (Special) to libinit2.o(.ARM.Collect$$libinit$$0000002C) for __rt_lib_init_argv_1
    libinit.o(.ARM.Collect$$libinit$$00000000) refers (Special) to libinit2.o(.ARM.Collect$$libinit$$0000001B) for __rt_lib_init_atexit_1
    libinit.o(.ARM.Collect$$libinit$$00000000) refers (Special) to libinit2.o(.ARM.Collect$$libinit$$00000021) for __rt_lib_init_clock_1
    libinit.o(.ARM.Collect$$libinit$$00000000) refers (Special) to libinit2.o(.ARM.Collect$$libinit$$00000032) for __rt_lib_init_cpp_1
    libinit.o(.ARM.Collect$$libinit$$00000000) refers (Special) to libinit2.o(.ARM.Collect$$libinit$$00000030) for __rt_lib_init_exceptions_1
    libinit.o(.ARM.Collect$$libinit$$00000000) refers (Special) to libinit2.o(.ARM.Collect$$libinit$$00000002) for __rt_lib_init_fp_1
    libinit.o(.ARM.Collect$$libinit$$00000000) refers (Special) to libinit2.o(.ARM.Collect$$libinit$$0000001F) for __rt_lib_init_fp_trap_1
    libinit.o(.ARM.Collect$$libinit$$00000000) refers (Special) to libinit2.o(.ARM.Collect$$libinit$$00000023) for __rt_lib_init_getenv_1
    libinit.o(.ARM.Collect$$libinit$$00000000) refers (Special) to libinit2.o(.ARM.Collect$$libinit$$0000000A) for __rt_lib_init_heap_1
    libinit.o(.ARM.Collect$$libinit$$00000000) refers (Special) to libinit2.o(.ARM.Collect$$libinit$$00000011) for __rt_lib_init_lc_collate_1
    libinit.o(.ARM.Collect$$libinit$$00000000) refers (Special) to libinit2.o(.ARM.Collect$$libinit$$00000013) for __rt_lib_init_lc_ctype_1
    libinit.o(.ARM.Collect$$libinit$$00000000) refers (Special) to libinit2.o(.ARM.Collect$$libinit$$00000015) for __rt_lib_init_lc_monetary_1
    libinit.o(.ARM.Collect$$libinit$$00000000) refers (Special) to libinit2.o(.ARM.Collect$$libinit$$00000017) for __rt_lib_init_lc_numeric_1
    libinit.o(.ARM.Collect$$libinit$$00000000) refers (Special) to libinit2.o(.ARM.Collect$$libinit$$00000019) for __rt_lib_init_lc_time_1
    libinit.o(.ARM.Collect$$libinit$$00000000) refers (Special) to libinit2.o(.ARM.Collect$$libinit$$00000004) for __rt_lib_init_preinit_1
    libinit.o(.ARM.Collect$$libinit$$00000000) refers (Special) to libinit2.o(.ARM.Collect$$libinit$$0000000E) for __rt_lib_init_rand_1
    libinit.o(.ARM.Collect$$libinit$$00000000) refers (Special) to libinit2.o(.ARM.Collect$$libinit$$00000033) for __rt_lib_init_return
    libinit.o(.ARM.Collect$$libinit$$00000000) refers (Special) to libinit2.o(.ARM.Collect$$libinit$$0000001D) for __rt_lib_init_signal_1
    libinit.o(.ARM.Collect$$libinit$$00000000) refers (Special) to libinit2.o(.ARM.Collect$$libinit$$00000025) for __rt_lib_init_stdio_1
    libinit.o(.ARM.Collect$$libinit$$00000000) refers (Special) to libinit2.o(.ARM.Collect$$libinit$$0000000C) for __rt_lib_init_user_alloc_1
    libspace.o(.text) refers to libspace.o(.bss) for __libspace_start
    rtexit.o(.ARM.Collect$$rtexit$$00000000) refers (Special) to rtexit2.o(.ARM.Collect$$rtexit$$00000004) for __rt_exit_exit
    rtexit.o(.ARM.Collect$$rtexit$$00000000) refers (Special) to rtexit2.o(.ARM.Collect$$rtexit$$00000003) for __rt_exit_ls
    rtexit.o(.ARM.Collect$$rtexit$$00000000) refers (Special) to rtexit2.o(.ARM.Collect$$rtexit$$00000002) for __rt_exit_prels_1
    rtexit.o(.ARM.exidx) refers (Special) to rtexit2.o(.ARM.Collect$$rtexit$$00000004) for __rt_exit_exit
    rtexit.o(.ARM.exidx) refers (Special) to rtexit2.o(.ARM.Collect$$rtexit$$00000003) for __rt_exit_ls
    rtexit.o(.ARM.exidx) refers (Special) to rtexit2.o(.ARM.Collect$$rtexit$$00000002) for __rt_exit_prels_1
    rtexit.o(.ARM.exidx) refers to rtexit.o(.ARM.Collect$$rtexit$$00000000) for .ARM.Collect$$rtexit$$00000000
    rt_raise.o(.text) refers to __raise.o(.text) for __raise
    rt_raise.o(.text) refers to sys_exit.o(.text) for _sys_exit
    defsig_exit.o(.text) refers to sys_exit.o(.text) for _sys_exit
    defsig_fpe_inner.o(.text) refers to defsig_general.o(.text) for __default_signal_display
    libinit2.o(.ARM.Collect$$libinit$$00000010) refers to libinit2.o(.ARM.Collect$$libinit$$0000000F) for .ARM.Collect$$libinit$$0000000F
    libinit2.o(.ARM.Collect$$libinit$$00000012) refers to libinit2.o(.ARM.Collect$$libinit$$0000000F) for .ARM.Collect$$libinit$$0000000F
    libinit2.o(.ARM.Collect$$libinit$$00000014) refers to libinit2.o(.ARM.Collect$$libinit$$0000000F) for .ARM.Collect$$libinit$$0000000F
    libinit2.o(.ARM.Collect$$libinit$$00000016) refers to libinit2.o(.ARM.Collect$$libinit$$0000000F) for .ARM.Collect$$libinit$$0000000F
    libinit2.o(.ARM.Collect$$libinit$$00000018) refers to libinit2.o(.ARM.Collect$$libinit$$0000000F) for .ARM.Collect$$libinit$$0000000F
    libinit2.o(.ARM.Collect$$libinit$$00000026) refers to argv_veneer.o(.text) for __ARM_argv_veneer
    libinit2.o(.ARM.Collect$$libinit$$00000027) refers to argv_veneer.o(.text) for __ARM_argv_veneer
    sys_exit.o(.text) refers (Special) to use_no_semi.o(.text) for __I$use$semihosting
    sys_exit.o(.text) refers (Special) to indicate_semi.o(.text) for __semihosting_library_function
    rtexit2.o(.ARM.Collect$$rtexit$$00000003) refers to libshutdown.o(.ARM.Collect$$libshutdown$$00000000) for __rt_lib_shutdown
    rtexit2.o(.ARM.Collect$$rtexit$$00000004) refers to sys_exit.o(.text) for _sys_exit
    rtexit2.o(.ARM.exidx) refers to rtexit2.o(.ARM.Collect$$rtexit$$00000001) for .ARM.Collect$$rtexit$$00000001
    rtexit2.o(.ARM.exidx) refers to rtexit2.o(.ARM.Collect$$rtexit$$00000003) for .ARM.Collect$$rtexit$$00000003
    rtexit2.o(.ARM.exidx) refers to rtexit2.o(.ARM.Collect$$rtexit$$00000004) for .ARM.Collect$$rtexit$$00000004
    __raise.o(.text) refers to defsig.o(CL$$defsig) for __default_signal_handler
    defsig_general.o(.text) refers to sys_wrch.o(.text) for _ttywrch
    sys_wrch.o(.text) refers (Special) to use_no_semi.o(.text) for __I$use$semihosting
    sys_wrch.o(.text) refers (Special) to indicate_semi.o(.text) for __semihosting_library_function
    defsig.o(CL$$defsig) refers to defsig_fpe_inner.o(.text) for __rt_SIGFPE_inner
    defsig.o(CL$$defsig) refers to defsig_rtmem_inner.o(.text) for __rt_SIGRTMEM_inner
    _get_argv_nomalloc.o(.text) refers (Special) to hrguard.o(.text) for __heap_region$guard
    _get_argv_nomalloc.o(.text) refers to defsig_rtmem_outer.o(.text) for __rt_SIGRTMEM
    _get_argv_nomalloc.o(.text) refers to sys_command.o(.text) for _sys_command_string
    libshutdown.o(.ARM.Collect$$libshutdown$$00000000) refers (Special) to libshutdown2.o(.ARM.Collect$$libshutdown$$00000002) for __rt_lib_shutdown_cpp_1
    libshutdown.o(.ARM.Collect$$libshutdown$$00000000) refers (Special) to libshutdown2.o(.ARM.Collect$$libshutdown$$00000007) for __rt_lib_shutdown_fp_trap_1
    libshutdown.o(.ARM.Collect$$libshutdown$$00000000) refers (Special) to libshutdown2.o(.ARM.Collect$$libshutdown$$0000000F) for __rt_lib_shutdown_heap_1
    libshutdown.o(.ARM.Collect$$libshutdown$$00000000) refers (Special) to libshutdown2.o(.ARM.Collect$$libshutdown$$00000010) for __rt_lib_shutdown_return
    libshutdown.o(.ARM.Collect$$libshutdown$$00000000) refers (Special) to libshutdown2.o(.ARM.Collect$$libshutdown$$0000000A) for __rt_lib_shutdown_signal_1
    libshutdown.o(.ARM.Collect$$libshutdown$$00000000) refers (Special) to libshutdown2.o(.ARM.Collect$$libshutdown$$00000004) for __rt_lib_shutdown_stdio_1
    libshutdown.o(.ARM.Collect$$libshutdown$$00000000) refers (Special) to libshutdown2.o(.ARM.Collect$$libshutdown$$0000000C) for __rt_lib_shutdown_user_alloc_1
    sys_command.o(.text) refers (Special) to use_no_semi.o(.text) for __I$use$semihosting
    sys_command.o(.text) refers (Special) to indicate_semi.o(.text) for __semihosting_library_function
    defsig_abrt_inner.o(.text) refers to defsig_general.o(.text) for __default_signal_display
    defsig_rtred_inner.o(.text) refers to defsig_general.o(.text) for __default_signal_display
    defsig_rtmem_inner.o(.text) refers to defsig_general.o(.text) for __default_signal_display
    defsig_rtmem_outer.o(.text) refers to defsig_rtmem_inner.o(.text) for __rt_SIGRTMEM_inner
    defsig_rtmem_outer.o(.text) refers to defsig_exit.o(.text) for __sig_exit
    defsig_rtmem_formal.o(.text) refers to rt_raise.o(.text) for __rt_raise
    defsig_stak_inner.o(.text) refers to defsig_general.o(.text) for __default_signal_display
    defsig_pvfn_inner.o(.text) refers to defsig_general.o(.text) for __default_signal_display
    defsig_cppl_inner.o(.text) refers to defsig_general.o(.text) for __default_signal_display
    defsig_segv_inner.o(.text) refers to defsig_general.o(.text) for __default_signal_display
    defsig_other.o(.text) refers to defsig_general.o(.text) for __default_signal_display


==============================================================================

Removing Unused input sections from the image.

    Removing main.o(.rev16_text), (4 bytes).
    Removing main.o(.revsh_text), (4 bytes).
    Removing main.o(i.lcd_clear), (10 bytes).
    Removing main.o(i.write_figer), (156 bytes).
    Removing delay.o(.rev16_text), (4 bytes).
    Removing delay.o(.revsh_text), (4 bytes).
    Removing delay.o(i.delay_us), (68 bytes).
    Removing led.o(.rev16_text), (4 bytes).
    Removing led.o(.revsh_text), (4 bytes).
    Removing led.o(i._crol_), (52 bytes).
    Removing led.o(i._cror_), (52 bytes).
    Removing beep.o(.rev16_text), (4 bytes).
    Removing beep.o(.revsh_text), (4 bytes).
    Removing beep.o(i.BUZ_init), (36 bytes).
    Removing beep.o(i.SysRun_Hint), (128 bytes).
    Removing key.o(.rev16_text), (4 bytes).
    Removing key.o(.revsh_text), (4 bytes).
    Removing key.o(i.KEY_init), (136 bytes).
    Removing key.o(i.Key_Ctrl), (64 bytes).
    Removing key.o(i.Key_ReadSta_Task), (36 bytes).
    Removing key.o(.data), (4 bytes).
    Removing oled.o(.rev16_text), (4 bytes).
    Removing oled.o(.revsh_text), (4 bytes).
    Removing oled.o(i.OLED_Clear), (60 bytes).
    Removing oled.o(i.OLED_Display_Off), (28 bytes).
    Removing oled.o(i.OLED_Display_On), (28 bytes).
    Removing oled.o(i.OLED_DrawBMP), (54 bytes).
    Removing oled.o(i.OLED_FirstPage), (104 bytes).
    Removing oled.o(i.OLED_Init), (312 bytes).
    Removing oled.o(i.OLED_Set_Pos), (40 bytes).
    Removing oled.o(i.OLED_ShowCHinese), (76 bytes).
    Removing oled.o(i.OLED_ShowChar), (92 bytes).
    Removing oled.o(i.OLED_ShowNum), (104 bytes).
    Removing oled.o(i.OLED_ShowString), (46 bytes).
    Removing oled.o(i.OLED_WR_Byte), (64 bytes).
    Removing oled.o(i.oled_pow), (20 bytes).
    Removing oled.o(.constdata), (552 bytes).
    Removing oled.o(.constdata), (1520 bytes).
    Removing oled.o(.data), (1152 bytes).
    Removing oled.o(.data), (1024 bytes).
    Removing oled.o(.data), (1024 bytes).
    Removing system_sc32f5832.o(.rev16_text), (4 bytes).
    Removing system_sc32f5832.o(.revsh_text), (4 bytes).
    Removing system_sc32f5832.o(i.SystemCoreClockUpdate), (16 bytes).
    Removing system_sc32f5832.o(.data), (4 bytes).
    Removing adc.o(.rev16_text), (4 bytes).
    Removing adc.o(.revsh_text), (4 bytes).
    Removing adc.o(i.ADC_Init), (1088 bytes).
    Removing adc.o(.data), (192 bytes).
    Removing clk.o(.rev16_text), (4 bytes).
    Removing clk.o(.revsh_text), (4 bytes).
    Removing clk.o(i.OPENOSC), (72 bytes).
    Removing clk.o(i.OSCSET), (44 bytes).
    Removing cmp.o(.rev16_text), (4 bytes).
    Removing cmp.o(.revsh_text), (4 bytes).
    Removing cmp.o(i.CMP0_Init), (212 bytes).
    Removing cmp.o(i.CP10_Init), (140 bytes).
    Removing cmp.o(i.CP11_Init), (140 bytes).
    Removing cmp.o(i.CP12_Init), (140 bytes).
    Removing devinit.o(.rev16_text), (4 bytes).
    Removing devinit.o(.revsh_text), (4 bytes).
    Removing dma.o(.rev16_text), (4 bytes).
    Removing dma.o(.revsh_text), (4 bytes).
    Removing dma.o(i.DMA_CH0_ADC), (68 bytes).
    Removing dma.o(i.DMA_CH0_UART0TX), (68 bytes).
    Removing dma.o(i.DMA_CH1_UART0RX), (68 bytes).
    Removing dma.o(i.DMA_UART_INIT), (36 bytes).
    Removing dma.o(.bss), (64 bytes).
    Removing eru.o(.rev16_text), (4 bytes).
    Removing eru.o(.revsh_text), (4 bytes).
    Removing eru.o(i.CP1_Init), (324 bytes).
    Removing eru.o(i.ERU_Init), (104 bytes).
    Removing eru.o(i.TIMER_INIT), (208 bytes).
    Removing etimer.o(.rev16_text), (4 bytes).
    Removing etimer.o(.revsh_text), (4 bytes).
    Removing etimer.o(i.T0_ENCODER_MODE), (72 bytes).
    Removing etimer.o(i.T0_Init_CAP), (156 bytes).
    Removing etimer.o(i.T0_Init_PWM), (172 bytes).
    Removing etimer.o(i.T0_PWM_MEASURE), (104 bytes).
    Removing etimer.o(i.TIM6_T0_Init), (44 bytes).
    Removing etimer.o(i.TIM6_T1_Init), (44 bytes).
    Removing gpio.o(.rev16_text), (4 bytes).
    Removing gpio.o(.revsh_text), (4 bytes).
    Removing gpio.o(i.GPIO_DRV_SEL), (268 bytes).
    Removing gpio.o(i.GPIO_Init), (2 bytes).
    Removing gpio.o(i.GPIO_OD_SEL), (268 bytes).
    Removing gpio.o(i.GPIO_PUPD_SEL), (264 bytes).
    Removing iap.o(.rev16_text), (4 bytes).
    Removing iap.o(.revsh_text), (4 bytes).
    Removing iap.o(i.EraseFlashSector), (64 bytes).
    Removing iap.o(i.FlashRead), (124 bytes).
    Removing iap.o(i.WriteFlashWord), (68 bytes).
    Removing irq.o(.rev16_text), (4 bytes).
    Removing irq.o(.revsh_text), (4 bytes).
    Removing irq.o(i.IRQ_Disable), (78 bytes).
    Removing irq.o(i.IRQ_Enable), (66 bytes).
    Removing irq.o(i.IRQ_Init), (148 bytes).
    Removing irq.o(i.__NVIC_ClearPendingIRQ), (24 bytes).
    Removing irq.o(i.__NVIC_DisableIRQ), (32 bytes).
    Removing irq.o(i.__NVIC_EnableIRQ), (24 bytes).
    Removing irq.o(i.__NVIC_SetPriority), (68 bytes).
    Removing isr.o(.rev16_text), (4 bytes).
    Removing isr.o(.revsh_text), (4 bytes).
    Removing opa.o(.rev16_text), (4 bytes).
    Removing opa.o(.revsh_text), (4 bytes).
    Removing opa.o(i.OPA0_Init), (80 bytes).
    Removing opa.o(i.OPA1_Init), (92 bytes).
    Removing opa.o(i.OPA2_Init), (92 bytes).
    Removing opa.o(i.OPA3_Init), (92 bytes).
    Removing pwm.o(.rev16_text), (4 bytes).
    Removing pwm.o(.revsh_text), (4 bytes).
    Removing pwm.o(i.PWM_CFG), (624 bytes).
    Removing pwm.o(i.PWM_Init), (80 bytes).
    Removing uart0.o(.rev16_text), (4 bytes).
    Removing uart0.o(.revsh_text), (4 bytes).
    Removing uart0.o(i.ReadUartBuf), (60 bytes).
    Removing uart0.o(i.SendResponse), (680 bytes).
    Removing uart0.o(i.Uart0_Init), (56 bytes).
    Removing uart0.o(i.UartRevFunc), (128 bytes).
    Removing uart0.o(i.UartSendByte), (40 bytes).
    Removing uart0.o(i.UartSendStart), (56 bytes).
    Removing uart0.o(i.UartSendString), (52 bytes).
    Removing uart0.o(i.UartSentUint32ToASCII), (280 bytes).
    Removing uart1.o(.rev16_text), (4 bytes).
    Removing uart1.o(.revsh_text), (4 bytes).
    Removing uart1.o(i.ReadUart1Buf), (60 bytes).
    Removing uart1.o(i.Send1Response), (680 bytes).
    Removing uart1.o(i.Uart1RevFunc), (128 bytes).
    Removing uart1.o(i.Uart1SendByte), (40 bytes).
    Removing uart1.o(i.Uart1SendStart), (56 bytes).
    Removing uart1.o(i.Uart1SendString), (52 bytes).
    Removing uart1.o(i.Uart1_Init), (56 bytes).
    Removing wdt.o(.rev16_text), (4 bytes).
    Removing wdt.o(.revsh_text), (4 bytes).
    Removing wdt.o(i.WDT_Init), (80 bytes).

135 unused section(s) (total 15868 bytes) removed from the image.

==============================================================================

Image Symbol Table

    Local Symbols

    Symbol Name                              Value     Ov Type        Size  Object(Section)

    RESET                                    0x00000000   Section      516  startup_sc32f5832.o(RESET)
    ../clib/angel/boardlib.s                 0x00000000   Number         0  boardinit1.o ABSOLUTE
    ../clib/angel/boardlib.s                 0x00000000   Number         0  boardinit2.o ABSOLUTE
    ../clib/angel/boardlib.s                 0x00000000   Number         0  boardinit3.o ABSOLUTE
    ../clib/angel/boardlib.s                 0x00000000   Number         0  boardshut.o ABSOLUTE
    ../clib/angel/handlers.s                 0x00000000   Number         0  __scatter_zi.o ABSOLUTE
    ../clib/angel/kernel.s                   0x00000000   Number         0  __rtentry4.o ABSOLUTE
    ../clib/angel/kernel.s                   0x00000000   Number         0  __rtentry2.o ABSOLUTE
    ../clib/angel/kernel.s                   0x00000000   Number         0  rtexit.o ABSOLUTE
    ../clib/angel/kernel.s                   0x00000000   Number         0  rtexit2.o ABSOLUTE
    ../clib/angel/kernel.s                   0x00000000   Number         0  __rtentry.o ABSOLUTE
    ../clib/angel/rt.s                       0x00000000   Number         0  rt_div0.o ABSOLUTE
    ../clib/angel/rt.s                       0x00000000   Number         0  rt_raise.o ABSOLUTE
    ../clib/angel/rt.s                       0x00000000   Number         0  aeabi_idiv0.o ABSOLUTE
    ../clib/angel/rt.s                       0x00000000   Number         0  aeabi_idiv0_sigfpe.o ABSOLUTE
    ../clib/angel/scatterp.s                 0x00000000   Number         0  __scatter.o ABSOLUTE
    ../clib/angel/startup.s                  0x00000000   Number         0  __main.o ABSOLUTE
    ../clib/angel/sys.s                      0x00000000   Number         0  sys_stackheap_outer.o ABSOLUTE
    ../clib/angel/sys.s                      0x00000000   Number         0  libspace.o ABSOLUTE
    ../clib/angel/sys.s                      0x00000000   Number         0  use_no_semi.o ABSOLUTE
    ../clib/angel/sys.s                      0x00000000   Number         0  tempstk.o ABSOLUTE
    ../clib/angel/sys.s                      0x00000000   Number         0  indicate_semi.o ABSOLUTE
    ../clib/angel/sysapp.c                   0x00000000   Number         0  sys_command.o ABSOLUTE
    ../clib/angel/sysapp.c                   0x00000000   Number         0  sys_exit.o ABSOLUTE
    ../clib/angel/sysapp.c                   0x00000000   Number         0  sys_wrch.o ABSOLUTE
    ../clib/armsys.c                         0x00000000   Number         0  no_argv.o ABSOLUTE
    ../clib/armsys.c                         0x00000000   Number         0  _get_argv_nomalloc.o ABSOLUTE
    ../clib/armsys.c                         0x00000000   Number         0  argv_veneer.o ABSOLUTE
    ../clib/division.s                       0x00000000   Number         0  aeabi_sdiv_div0.o ABSOLUTE
    ../clib/division.s                       0x00000000   Number         0  aeabi_sdiv.o ABSOLUTE
    ../clib/heapalloc.c                      0x00000000   Number         0  hrguard.o ABSOLUTE
    ../clib/heapaux.c                        0x00000000   Number         0  heapauxi.o ABSOLUTE
    ../clib/libinit.s                        0x00000000   Number         0  libshutdown2.o ABSOLUTE
    ../clib/libinit.s                        0x00000000   Number         0  libshutdown.o ABSOLUTE
    ../clib/libinit.s                        0x00000000   Number         0  libinit2.o ABSOLUTE
    ../clib/libinit.s                        0x00000000   Number         0  libinit.o ABSOLUTE
    ../clib/signal.c                         0x00000000   Number         0  defsig_rtmem_outer.o ABSOLUTE
    ../clib/signal.c                         0x00000000   Number         0  defsig_rtmem_formal.o ABSOLUTE
    ../clib/signal.c                         0x00000000   Number         0  defsig_stak_inner.o ABSOLUTE
    ../clib/signal.c                         0x00000000   Number         0  defsig_segv_inner.o ABSOLUTE
    ../clib/signal.c                         0x00000000   Number         0  defsig_other.o ABSOLUTE
    ../clib/signal.c                         0x00000000   Number         0  defsig_fpe_inner.o ABSOLUTE
    ../clib/signal.c                         0x00000000   Number         0  defsig_rtred_inner.o ABSOLUTE
    ../clib/signal.c                         0x00000000   Number         0  defsig_general.o ABSOLUTE
    ../clib/signal.c                         0x00000000   Number         0  defsig_cppl_inner.o ABSOLUTE
    ../clib/signal.c                         0x00000000   Number         0  defsig_abrt_inner.o ABSOLUTE
    ../clib/signal.c                         0x00000000   Number         0  __raise.o ABSOLUTE
    ../clib/signal.c                         0x00000000   Number         0  defsig_fpe_formal.o ABSOLUTE
    ../clib/signal.c                         0x00000000   Number         0  defsig_exit.o ABSOLUTE
    ../clib/signal.c                         0x00000000   Number         0  defsig_fpe_outer.o ABSOLUTE
    ../clib/signal.c                         0x00000000   Number         0  defsig_rtmem_inner.o ABSOLUTE
    ../clib/signal.c                         0x00000000   Number         0  defsig_pvfn_inner.o ABSOLUTE
    ../clib/signal.s                         0x00000000   Number         0  defsig.o ABSOLUTE
    ../clib/stdlib.c                         0x00000000   Number         0  exit.o ABSOLUTE
    ../fplib/cfplib/fpinit.c                 0x00000000   Number         0  fpinit.o ABSOLUTE
    ..\CORE\startup_SC32F5832.s              0x00000000   Number         0  startup_sc32f5832.o ABSOLUTE
    ..\CORE\system_SC32F5832.c               0x00000000   Number         0  system_sc32f5832.o ABSOLUTE
    ..\FWLib\src\ADC.c                       0x00000000   Number         0  adc.o ABSOLUTE
    ..\FWLib\src\CLK.c                       0x00000000   Number         0  clk.o ABSOLUTE
    ..\FWLib\src\CMP.c                       0x00000000   Number         0  cmp.o ABSOLUTE
    ..\FWLib\src\DMA.c                       0x00000000   Number         0  dma.o ABSOLUTE
    ..\FWLib\src\DevInit.c                   0x00000000   Number         0  devinit.o ABSOLUTE
    ..\FWLib\src\ERU.c                       0x00000000   Number         0  eru.o ABSOLUTE
    ..\FWLib\src\ETIMER.c                    0x00000000   Number         0  etimer.o ABSOLUTE
    ..\FWLib\src\GPIO.c                      0x00000000   Number         0  gpio.o ABSOLUTE
    ..\FWLib\src\IAP.c                       0x00000000   Number         0  iap.o ABSOLUTE
    ..\FWLib\src\IRQ.c                       0x00000000   Number         0  irq.o ABSOLUTE
    ..\FWLib\src\ISR.c                       0x00000000   Number         0  isr.o ABSOLUTE
    ..\FWLib\src\OPA.c                       0x00000000   Number         0  opa.o ABSOLUTE
    ..\FWLib\src\PWM.c                       0x00000000   Number         0  pwm.o ABSOLUTE
    ..\FWLib\src\Uart0.c                     0x00000000   Number         0  uart0.o ABSOLUTE
    ..\FWLib\src\Uart1.c                     0x00000000   Number         0  uart1.o ABSOLUTE
    ..\FWLib\src\WDT.c                       0x00000000   Number         0  wdt.o ABSOLUTE
    ..\HARDWARE\BEEP\BEEP.c                  0x00000000   Number         0  beep.o ABSOLUTE
    ..\HARDWARE\KEY\KEY.c                    0x00000000   Number         0  key.o ABSOLUTE
    ..\HARDWARE\LED\LED.c                    0x00000000   Number         0  led.o ABSOLUTE
    ..\HARDWARE\OLED\OLED.c                  0x00000000   Number         0  oled.o ABSOLUTE
    ..\HARDWARE\ST_delay\delay.c             0x00000000   Number         0  delay.o ABSOLUTE
    ..\\CORE\\system_SC32F5832.c             0x00000000   Number         0  system_sc32f5832.o ABSOLUTE
    ..\\FWLib\\src\\ADC.c                    0x00000000   Number         0  adc.o ABSOLUTE
    ..\\FWLib\\src\\CLK.c                    0x00000000   Number         0  clk.o ABSOLUTE
    ..\\FWLib\\src\\CMP.c                    0x00000000   Number         0  cmp.o ABSOLUTE
    ..\\FWLib\\src\\DMA.c                    0x00000000   Number         0  dma.o ABSOLUTE
    ..\\FWLib\\src\\DevInit.c                0x00000000   Number         0  devinit.o ABSOLUTE
    ..\\FWLib\\src\\ERU.c                    0x00000000   Number         0  eru.o ABSOLUTE
    ..\\FWLib\\src\\ETIMER.c                 0x00000000   Number         0  etimer.o ABSOLUTE
    ..\\FWLib\\src\\GPIO.c                   0x00000000   Number         0  gpio.o ABSOLUTE
    ..\\FWLib\\src\\IAP.c                    0x00000000   Number         0  iap.o ABSOLUTE
    ..\\FWLib\\src\\IRQ.c                    0x00000000   Number         0  irq.o ABSOLUTE
    ..\\FWLib\\src\\ISR.c                    0x00000000   Number         0  isr.o ABSOLUTE
    ..\\FWLib\\src\\OPA.c                    0x00000000   Number         0  opa.o ABSOLUTE
    ..\\FWLib\\src\\PWM.c                    0x00000000   Number         0  pwm.o ABSOLUTE
    ..\\FWLib\\src\\Uart0.c                  0x00000000   Number         0  uart0.o ABSOLUTE
    ..\\FWLib\\src\\Uart1.c                  0x00000000   Number         0  uart1.o ABSOLUTE
    ..\\FWLib\\src\\WDT.c                    0x00000000   Number         0  wdt.o ABSOLUTE
    ..\\HARDWARE\\BEEP\\BEEP.c               0x00000000   Number         0  beep.o ABSOLUTE
    ..\\HARDWARE\\KEY\\KEY.c                 0x00000000   Number         0  key.o ABSOLUTE
    ..\\HARDWARE\\LED\\LED.c                 0x00000000   Number         0  led.o ABSOLUTE
    ..\\HARDWARE\\OLED\\OLED.c               0x00000000   Number         0  oled.o ABSOLUTE
    ..\\HARDWARE\\ST_delay\\delay.c          0x00000000   Number         0  delay.o ABSOLUTE
    dc.s                                     0x00000000   Number         0  dc.o ABSOLUTE
    main.c                                   0x00000000   Number         0  main.o ABSOLUTE
    main.c                                   0x00000000   Number         0  main.o ABSOLUTE
    !!!main                                  0x00000204   Section        8  __main.o(!!!main)
    !!!scatter                               0x0000020c   Section       60  __scatter.o(!!!scatter)
    !!handler_zi                             0x00000248   Section       28  __scatter_zi.o(!!handler_zi)
    .ARM.Collect$$libinit$$00000000          0x00000264   Section        2  libinit.o(.ARM.Collect$$libinit$$00000000)
    .ARM.Collect$$libinit$$00000002          0x00000266   Section        0  libinit2.o(.ARM.Collect$$libinit$$00000002)
    .ARM.Collect$$libinit$$00000004          0x00000266   Section        0  libinit2.o(.ARM.Collect$$libinit$$00000004)
    .ARM.Collect$$libinit$$0000000A          0x00000266   Section        0  libinit2.o(.ARM.Collect$$libinit$$0000000A)
    .ARM.Collect$$libinit$$0000000C          0x00000266   Section        0  libinit2.o(.ARM.Collect$$libinit$$0000000C)
    .ARM.Collect$$libinit$$0000000E          0x00000266   Section        0  libinit2.o(.ARM.Collect$$libinit$$0000000E)
    .ARM.Collect$$libinit$$00000011          0x00000266   Section        0  libinit2.o(.ARM.Collect$$libinit$$00000011)
    .ARM.Collect$$libinit$$00000013          0x00000266   Section        0  libinit2.o(.ARM.Collect$$libinit$$00000013)
    .ARM.Collect$$libinit$$00000015          0x00000266   Section        0  libinit2.o(.ARM.Collect$$libinit$$00000015)
    .ARM.Collect$$libinit$$00000017          0x00000266   Section        0  libinit2.o(.ARM.Collect$$libinit$$00000017)
    .ARM.Collect$$libinit$$00000019          0x00000266   Section        0  libinit2.o(.ARM.Collect$$libinit$$00000019)
    .ARM.Collect$$libinit$$0000001B          0x00000266   Section        0  libinit2.o(.ARM.Collect$$libinit$$0000001B)
    .ARM.Collect$$libinit$$0000001D          0x00000266   Section        0  libinit2.o(.ARM.Collect$$libinit$$0000001D)
    .ARM.Collect$$libinit$$0000001F          0x00000266   Section        0  libinit2.o(.ARM.Collect$$libinit$$0000001F)
    .ARM.Collect$$libinit$$00000021          0x00000266   Section        0  libinit2.o(.ARM.Collect$$libinit$$00000021)
    .ARM.Collect$$libinit$$00000023          0x00000266   Section        0  libinit2.o(.ARM.Collect$$libinit$$00000023)
    .ARM.Collect$$libinit$$00000025          0x00000266   Section        0  libinit2.o(.ARM.Collect$$libinit$$00000025)
    .ARM.Collect$$libinit$$0000002C          0x00000266   Section        0  libinit2.o(.ARM.Collect$$libinit$$0000002C)
    .ARM.Collect$$libinit$$0000002E          0x00000266   Section        0  libinit2.o(.ARM.Collect$$libinit$$0000002E)
    .ARM.Collect$$libinit$$00000030          0x00000266   Section        0  libinit2.o(.ARM.Collect$$libinit$$00000030)
    .ARM.Collect$$libinit$$00000032          0x00000266   Section        0  libinit2.o(.ARM.Collect$$libinit$$00000032)
    .ARM.Collect$$libinit$$00000033          0x00000266   Section        2  libinit2.o(.ARM.Collect$$libinit$$00000033)
    .ARM.Collect$$libshutdown$$00000000      0x00000268   Section        2  libshutdown.o(.ARM.Collect$$libshutdown$$00000000)
    .ARM.Collect$$libshutdown$$00000002      0x0000026a   Section        0  libshutdown2.o(.ARM.Collect$$libshutdown$$00000002)
    .ARM.Collect$$libshutdown$$00000004      0x0000026a   Section        0  libshutdown2.o(.ARM.Collect$$libshutdown$$00000004)
    .ARM.Collect$$libshutdown$$00000007      0x0000026a   Section        0  libshutdown2.o(.ARM.Collect$$libshutdown$$00000007)
    .ARM.Collect$$libshutdown$$0000000A      0x0000026a   Section        0  libshutdown2.o(.ARM.Collect$$libshutdown$$0000000A)
    .ARM.Collect$$libshutdown$$0000000C      0x0000026a   Section        0  libshutdown2.o(.ARM.Collect$$libshutdown$$0000000C)
    .ARM.Collect$$libshutdown$$0000000F      0x0000026a   Section        0  libshutdown2.o(.ARM.Collect$$libshutdown$$0000000F)
    .ARM.Collect$$libshutdown$$00000010      0x0000026a   Section        2  libshutdown2.o(.ARM.Collect$$libshutdown$$00000010)
    .ARM.Collect$$rtentry$$00000000          0x0000026c   Section        0  __rtentry.o(.ARM.Collect$$rtentry$$00000000)
    .ARM.Collect$$rtentry$$00000002          0x0000026c   Section        0  __rtentry2.o(.ARM.Collect$$rtentry$$00000002)
    .ARM.Collect$$rtentry$$00000004          0x0000026c   Section        6  __rtentry4.o(.ARM.Collect$$rtentry$$00000004)
    .ARM.Collect$$rtentry$$00000009          0x00000272   Section        0  __rtentry2.o(.ARM.Collect$$rtentry$$00000009)
    .ARM.Collect$$rtentry$$0000000A          0x00000272   Section        4  __rtentry2.o(.ARM.Collect$$rtentry$$0000000A)
    .ARM.Collect$$rtentry$$0000000C          0x00000276   Section        0  __rtentry2.o(.ARM.Collect$$rtentry$$0000000C)
    .ARM.Collect$$rtentry$$0000000D          0x00000276   Section        8  __rtentry2.o(.ARM.Collect$$rtentry$$0000000D)
    .ARM.Collect$$rtexit$$00000000           0x0000027e   Section        2  rtexit.o(.ARM.Collect$$rtexit$$00000000)
    .ARM.Collect$$rtexit$$00000002           0x00000280   Section        0  rtexit2.o(.ARM.Collect$$rtexit$$00000002)
    .ARM.Collect$$rtexit$$00000003           0x00000280   Section        4  rtexit2.o(.ARM.Collect$$rtexit$$00000003)
    .ARM.Collect$$rtexit$$00000004           0x00000284   Section        6  rtexit2.o(.ARM.Collect$$rtexit$$00000004)
    .text                                    0x0000028c   Section       60  startup_sc32f5832.o(.text)
    .text                                    0x000002c8   Section        0  heapauxi.o(.text)
    .text                                    0x000002ce   Section       62  sys_stackheap_outer.o(.text)
    .text                                    0x0000030c   Section        0  exit.o(.text)
    .text                                    0x0000031c   Section        8  libspace.o(.text)
    .text                                    0x00000324   Section        0  sys_exit.o(.text)
    .text                                    0x00000330   Section        2  use_no_semi.o(.text)
    .text                                    0x00000332   Section        0  indicate_semi.o(.text)
    i.ACMP_OPA_IRQHandler                    0x00000332   Section        0  isr.o(i.ACMP_OPA_IRQHandler)
    i.ADC0_IRQHandler                        0x00000334   Section        0  isr.o(i.ADC0_IRQHandler)
    i.ADC1_IRQHandler                        0x00000336   Section        0  isr.o(i.ADC1_IRQHandler)
    i.ADC2_IRQHandler                        0x00000338   Section        0  isr.o(i.ADC2_IRQHandler)
    i.ADC_IRQHandler                         0x0000033c   Section        0  isr.o(i.ADC_IRQHandler)
    i.COPROC_IRQHandler                      0x0000034c   Section        0  isr.o(i.COPROC_IRQHandler)
    i.DMA_IRQHandler                         0x0000034e   Section        0  isr.o(i.DMA_IRQHandler)
    i.Delay                                  0x00000350   Section        0  main.o(i.Delay)
    i.Device_Init                            0x00000360   Section        0  devinit.o(i.Device_Init)
    i.ERU0_IRQHandler                        0x0000036c   Section        0  isr.o(i.ERU0_IRQHandler)
    i.ERU1_IRQHandler                        0x0000036e   Section        0  isr.o(i.ERU1_IRQHandler)
    i.ERU2_IRQHandler                        0x00000370   Section        0  isr.o(i.ERU2_IRQHandler)
    i.ERU3_IRQHandler                        0x00000372   Section        0  isr.o(i.ERU3_IRQHandler)
    i.GPIO0_IRQHandler                       0x00000374   Section        0  isr.o(i.GPIO0_IRQHandler)
    i.GPIO1_IRQHandler                       0x00000376   Section        0  isr.o(i.GPIO1_IRQHandler)
    i.GPIO2_IRQHandler                       0x00000378   Section        0  isr.o(i.GPIO2_IRQHandler)
    i.GPIO_AF_SEL                            0x0000037c   Section        0  gpio.o(i.GPIO_AF_SEL)
    i.HardFault_Handler                      0x000004a8   Section        0  isr.o(i.HardFault_Handler)
    i.IWDT_IRQHandler                        0x000004aa   Section        0  isr.o(i.IWDT_IRQHandler)
    i.LED_init                               0x000004ac   Section        0  led.o(i.LED_init)
    i.NMI_Handler                            0x00000570   Section        0  isr.o(i.NMI_Handler)
    i.OPENPLL                                0x00000574   Section        0  clk.o(i.OPENPLL)
    i.PLLSET                                 0x00000598   Section        0  clk.o(i.PLLSET)
    i.PWM0_IRQHandler                        0x000005c8   Section        0  isr.o(i.PWM0_IRQHandler)
    i.PWM4_IRQHandler                        0x000005d8   Section        0  isr.o(i.PWM4_IRQHandler)
    i.PWM_COMB_IRQHandler                    0x000005da   Section        0  isr.o(i.PWM_COMB_IRQHandler)
    i.PendSV_Handler                         0x000005dc   Section        0  isr.o(i.PendSV_Handler)
    i.SPI0_IRQHandler                        0x000005de   Section        0  isr.o(i.SPI0_IRQHandler)
    i.SVC_Handler                            0x000005e0   Section        0  isr.o(i.SVC_Handler)
    i.SYS_IRQHandler                         0x000005e2   Section        0  isr.o(i.SYS_IRQHandler)
    i.SetPll                                 0x000005e4   Section        0  clk.o(i.SetPll)
    i.SetSysTick                             0x00000674   Section        0  clk.o(i.SetSysTick)
    i.SysCLK_Init                            0x000006b0   Section        0  clk.o(i.SysCLK_Init)
    i.SysTick_Handler                        0x000006bc   Section        0  isr.o(i.SysTick_Handler)
    i.SystemInit                             0x000006c0   Section        0  system_sc32f5832.o(i.SystemInit)
    i.TIM6_T0_IRQHandler                     0x000006e8   Section        0  isr.o(i.TIM6_T0_IRQHandler)
    i.TIM6_T1_IRQHandler                     0x00000728   Section        0  isr.o(i.TIM6_T1_IRQHandler)
    i.TIMER0_IRQHandler                      0x0000072c   Section        0  isr.o(i.TIMER0_IRQHandler)
    i.UART0_IRQHandler                       0x00000764   Section        0  uart0.o(i.UART0_IRQHandler)
    i.UART1_IRQHandler                       0x000007d4   Section        0  uart1.o(i.UART1_IRQHandler)
    i.WWDT_IRQHandler                        0x00000844   Section        0  isr.o(i.WWDT_IRQHandler)
    i.__ARM_common_switch8                   0x00000846   Section        0  gpio.o(i.__ARM_common_switch8)
    i.delay_ms                               0x00000860   Section        0  delay.o(i.delay_ms)
    i.lcd_init                               0x000008a8   Section        0  main.o(i.lcd_init)
    i.lcd_pos                                0x00000908   Section        0  main.o(i.lcd_pos)
    i.lcd_wstr                               0x00000938   Section        0  main.o(i.lcd_wstr)
    i.main                                   0x00000954   Section        0  main.o(i.main)
    i.send_cmd                               0x0000098c   Section        0  main.o(i.send_cmd)
    i.send_dat                               0x000009a8   Section        0  main.o(i.send_dat)
    i.write_char                             0x000009e4   Section        0  main.o(i.write_char)
    .bss                                     0x20000000   Section      420  uart0.o(.bss)
    .bss                                     0x200001a4   Section      420  uart1.o(.bss)
    .bss                                     0x20000348   Section       96  libspace.o(.bss)
    HEAP                                     0x200003a8   Section      256  startup_sc32f5832.o(HEAP)
    Heap_Mem                                 0x200003a8   Data         256  startup_sc32f5832.o(HEAP)
    STACK                                    0x200004a8   Section      512  startup_sc32f5832.o(STACK)
    Stack_Mem                                0x200004a8   Data         512  startup_sc32f5832.o(STACK)

    Global Symbols

    Symbol Name                              Value     Ov Type        Size  Object(Section)

    BuildAttributes$$THM_ISAv3M$S$PE$A:L22$X:L11$S22$IEEE1$IW$USESV6$~STKCKD$USESV7$~SHL$OSPACE$ROPI$EBA8$UX$STANDARDLIB$REQ8$PRES8$EABIv2 0x00000000   Number         0  anon$$obj.o ABSOLUTE
    __ARM_use_no_argv                        0x00000000   Number         0  main.o ABSOLUTE
    __Vectors                                0x00000000   Data           4  startup_sc32f5832.o(RESET)
    __ARM_exceptions_init                     - Undefined Weak Reference
    __alloca_initialize                       - Undefined Weak Reference
    __arm_preinit_                            - Undefined Weak Reference
    __cpp_initialize__aeabi_                  - Undefined Weak Reference
    __cxa_finalize                            - Undefined Weak Reference
    __rt_locale                               - Undefined Weak Reference
    __sigvec_lookup                           - Undefined Weak Reference
    _atexit_init                              - Undefined Weak Reference
    _call_atexit_fns                          - Undefined Weak Reference
    _clock_init                               - Undefined Weak Reference
    _fp_trap_init                             - Undefined Weak Reference
    _fp_trap_shutdown                         - Undefined Weak Reference
    _get_lc_collate                           - Undefined Weak Reference
    _get_lc_ctype                             - Undefined Weak Reference
    _get_lc_monetary                          - Undefined Weak Reference
    _get_lc_numeric                           - Undefined Weak Reference
    _get_lc_time                              - Undefined Weak Reference
    _getenv_init                              - Undefined Weak Reference
    _handle_redirection                       - Undefined Weak Reference
    _init_alloc                               - Undefined Weak Reference
    _init_user_alloc                          - Undefined Weak Reference
    _initio                                   - Undefined Weak Reference
    _rand_init                                - Undefined Weak Reference
    _signal_finish                            - Undefined Weak Reference
    _signal_init                              - Undefined Weak Reference
    _terminate_alloc                          - Undefined Weak Reference
    _terminate_user_alloc                     - Undefined Weak Reference
    _terminateio                              - Undefined Weak Reference
    __Vectors_End                            0x00000204   Data           0  startup_sc32f5832.o(RESET)
    __Vectors_Size                           0x00000204   Number         0  startup_sc32f5832.o ABSOLUTE
    __main                                   0x00000205   Thumb Code     8  __main.o(!!!main)
    __scatterload                            0x0000020d   Thumb Code     0  __scatter.o(!!!scatter)
    __scatterload_rt2                        0x0000020d   Thumb Code    52  __scatter.o(!!!scatter)
    __scatterload_rt2_thumb_only             0x0000020d   Thumb Code     0  __scatter.o(!!!scatter)
    __scatterload_null                       0x0000021d   Thumb Code     0  __scatter.o(!!!scatter)
    __scatterload_zeroinit                   0x00000249   Thumb Code    28  __scatter_zi.o(!!handler_zi)
    __rt_lib_init                            0x00000265   Thumb Code     0  libinit.o(.ARM.Collect$$libinit$$00000000)
    __rt_lib_init_alloca_1                   0x00000267   Thumb Code     0  libinit2.o(.ARM.Collect$$libinit$$0000002E)
    __rt_lib_init_argv_1                     0x00000267   Thumb Code     0  libinit2.o(.ARM.Collect$$libinit$$0000002C)
    __rt_lib_init_atexit_1                   0x00000267   Thumb Code     0  libinit2.o(.ARM.Collect$$libinit$$0000001B)
    __rt_lib_init_clock_1                    0x00000267   Thumb Code     0  libinit2.o(.ARM.Collect$$libinit$$00000021)
    __rt_lib_init_cpp_1                      0x00000267   Thumb Code     0  libinit2.o(.ARM.Collect$$libinit$$00000032)
    __rt_lib_init_exceptions_1               0x00000267   Thumb Code     0  libinit2.o(.ARM.Collect$$libinit$$00000030)
    __rt_lib_init_fp_1                       0x00000267   Thumb Code     0  libinit2.o(.ARM.Collect$$libinit$$00000002)
    __rt_lib_init_fp_trap_1                  0x00000267   Thumb Code     0  libinit2.o(.ARM.Collect$$libinit$$0000001F)
    __rt_lib_init_getenv_1                   0x00000267   Thumb Code     0  libinit2.o(.ARM.Collect$$libinit$$00000023)
    __rt_lib_init_heap_1                     0x00000267   Thumb Code     0  libinit2.o(.ARM.Collect$$libinit$$0000000A)
    __rt_lib_init_lc_collate_1               0x00000267   Thumb Code     0  libinit2.o(.ARM.Collect$$libinit$$00000011)
    __rt_lib_init_lc_ctype_1                 0x00000267   Thumb Code     0  libinit2.o(.ARM.Collect$$libinit$$00000013)
    __rt_lib_init_lc_monetary_1              0x00000267   Thumb Code     0  libinit2.o(.ARM.Collect$$libinit$$00000015)
    __rt_lib_init_lc_numeric_1               0x00000267   Thumb Code     0  libinit2.o(.ARM.Collect$$libinit$$00000017)
    __rt_lib_init_lc_time_1                  0x00000267   Thumb Code     0  libinit2.o(.ARM.Collect$$libinit$$00000019)
    __rt_lib_init_preinit_1                  0x00000267   Thumb Code     0  libinit2.o(.ARM.Collect$$libinit$$00000004)
    __rt_lib_init_rand_1                     0x00000267   Thumb Code     0  libinit2.o(.ARM.Collect$$libinit$$0000000E)
    __rt_lib_init_return                     0x00000267   Thumb Code     0  libinit2.o(.ARM.Collect$$libinit$$00000033)
    __rt_lib_init_signal_1                   0x00000267   Thumb Code     0  libinit2.o(.ARM.Collect$$libinit$$0000001D)
    __rt_lib_init_stdio_1                    0x00000267   Thumb Code     0  libinit2.o(.ARM.Collect$$libinit$$00000025)
    __rt_lib_init_user_alloc_1               0x00000267   Thumb Code     0  libinit2.o(.ARM.Collect$$libinit$$0000000C)
    __rt_lib_shutdown                        0x00000269   Thumb Code     0  libshutdown.o(.ARM.Collect$$libshutdown$$00000000)
    __rt_lib_shutdown_cpp_1                  0x0000026b   Thumb Code     0  libshutdown2.o(.ARM.Collect$$libshutdown$$00000002)
    __rt_lib_shutdown_fp_trap_1              0x0000026b   Thumb Code     0  libshutdown2.o(.ARM.Collect$$libshutdown$$00000007)
    __rt_lib_shutdown_heap_1                 0x0000026b   Thumb Code     0  libshutdown2.o(.ARM.Collect$$libshutdown$$0000000F)
    __rt_lib_shutdown_return                 0x0000026b   Thumb Code     0  libshutdown2.o(.ARM.Collect$$libshutdown$$00000010)
    __rt_lib_shutdown_signal_1               0x0000026b   Thumb Code     0  libshutdown2.o(.ARM.Collect$$libshutdown$$0000000A)
    __rt_lib_shutdown_stdio_1                0x0000026b   Thumb Code     0  libshutdown2.o(.ARM.Collect$$libshutdown$$00000004)
    __rt_lib_shutdown_user_alloc_1           0x0000026b   Thumb Code     0  libshutdown2.o(.ARM.Collect$$libshutdown$$0000000C)
    __rt_entry                               0x0000026d   Thumb Code     0  __rtentry.o(.ARM.Collect$$rtentry$$00000000)
    __rt_entry_presh_1                       0x0000026d   Thumb Code     0  __rtentry2.o(.ARM.Collect$$rtentry$$00000002)
    __rt_entry_sh                            0x0000026d   Thumb Code     0  __rtentry4.o(.ARM.Collect$$rtentry$$00000004)
    __rt_entry_li                            0x00000273   Thumb Code     0  __rtentry2.o(.ARM.Collect$$rtentry$$0000000A)
    __rt_entry_postsh_1                      0x00000273   Thumb Code     0  __rtentry2.o(.ARM.Collect$$rtentry$$00000009)
    __rt_entry_main                          0x00000277   Thumb Code     0  __rtentry2.o(.ARM.Collect$$rtentry$$0000000D)
    __rt_entry_postli_1                      0x00000277   Thumb Code     0  __rtentry2.o(.ARM.Collect$$rtentry$$0000000C)
    __rt_exit                                0x0000027f   Thumb Code     0  rtexit.o(.ARM.Collect$$rtexit$$00000000)
    __rt_exit_ls                             0x00000281   Thumb Code     0  rtexit2.o(.ARM.Collect$$rtexit$$00000003)
    __rt_exit_prels_1                        0x00000281   Thumb Code     0  rtexit2.o(.ARM.Collect$$rtexit$$00000002)
    __rt_exit_exit                           0x00000285   Thumb Code     0  rtexit2.o(.ARM.Collect$$rtexit$$00000004)
    Reset_Handler                            0x0000028d   Thumb Code     8  startup_sc32f5832.o(.text)
    Reserved_IRQHandler                      0x0000029f   Thumb Code     2  startup_sc32f5832.o(.text)
    __user_initial_stackheap                 0x000002a5   Thumb Code    10  startup_sc32f5832.o(.text)
    __use_two_region_memory                  0x000002c9   Thumb Code     2  heapauxi.o(.text)
    __rt_heap_escrow$2region                 0x000002cb   Thumb Code     2  heapauxi.o(.text)
    __rt_heap_expand$2region                 0x000002cd   Thumb Code     2  heapauxi.o(.text)
    __user_setup_stackheap                   0x000002cf   Thumb Code    62  sys_stackheap_outer.o(.text)
    exit                                     0x0000030d   Thumb Code    16  exit.o(.text)
    __user_libspace                          0x0000031d   Thumb Code     8  libspace.o(.text)
    __user_perproc_libspace                  0x0000031d   Thumb Code     0  libspace.o(.text)
    __user_perthread_libspace                0x0000031d   Thumb Code     0  libspace.o(.text)
    _sys_exit                                0x00000325   Thumb Code     8  sys_exit.o(.text)
    __I$use$semihosting                      0x00000331   Thumb Code     0  use_no_semi.o(.text)
    __use_no_semihosting_swi                 0x00000331   Thumb Code     2  use_no_semi.o(.text)
    ACMP_OPA_IRQHandler                      0x00000333   Thumb Code     2  isr.o(i.ACMP_OPA_IRQHandler)
    __semihosting_library_function           0x00000333   Thumb Code     0  indicate_semi.o(.text)
    ADC0_IRQHandler                          0x00000335   Thumb Code     2  isr.o(i.ADC0_IRQHandler)
    ADC1_IRQHandler                          0x00000337   Thumb Code     2  isr.o(i.ADC1_IRQHandler)
    ADC2_IRQHandler                          0x00000339   Thumb Code     2  isr.o(i.ADC2_IRQHandler)
    ADC_IRQHandler                           0x0000033d   Thumb Code    12  isr.o(i.ADC_IRQHandler)
    COPROC_IRQHandler                        0x0000034d   Thumb Code     2  isr.o(i.COPROC_IRQHandler)
    DMA_IRQHandler                           0x0000034f   Thumb Code     2  isr.o(i.DMA_IRQHandler)
    Delay                                    0x00000351   Thumb Code    16  main.o(i.Delay)
    Device_Init                              0x00000361   Thumb Code    12  devinit.o(i.Device_Init)
    ERU0_IRQHandler                          0x0000036d   Thumb Code     2  isr.o(i.ERU0_IRQHandler)
    ERU1_IRQHandler                          0x0000036f   Thumb Code     2  isr.o(i.ERU1_IRQHandler)
    ERU2_IRQHandler                          0x00000371   Thumb Code     2  isr.o(i.ERU2_IRQHandler)
    ERU3_IRQHandler                          0x00000373   Thumb Code     2  isr.o(i.ERU3_IRQHandler)
    GPIO0_IRQHandler                         0x00000375   Thumb Code     2  isr.o(i.GPIO0_IRQHandler)
    GPIO1_IRQHandler                         0x00000377   Thumb Code     2  isr.o(i.GPIO1_IRQHandler)
    GPIO2_IRQHandler                         0x00000379   Thumb Code     2  isr.o(i.GPIO2_IRQHandler)
    GPIO_AF_SEL                              0x0000037d   Thumb Code   290  gpio.o(i.GPIO_AF_SEL)
    HardFault_Handler                        0x000004a9   Thumb Code     2  isr.o(i.HardFault_Handler)
    IWDT_IRQHandler                          0x000004ab   Thumb Code     2  isr.o(i.IWDT_IRQHandler)
    LED_init                                 0x000004ad   Thumb Code   190  led.o(i.LED_init)
    NMI_Handler                              0x00000571   Thumb Code     2  isr.o(i.NMI_Handler)
    OPENPLL                                  0x00000575   Thumb Code    26  clk.o(i.OPENPLL)
    PLLSET                                   0x00000599   Thumb Code    34  clk.o(i.PLLSET)
    PWM0_IRQHandler                          0x000005c9   Thumb Code    12  isr.o(i.PWM0_IRQHandler)
    PWM4_IRQHandler                          0x000005d9   Thumb Code     2  isr.o(i.PWM4_IRQHandler)
    PWM_COMB_IRQHandler                      0x000005db   Thumb Code     2  isr.o(i.PWM_COMB_IRQHandler)
    PendSV_Handler                           0x000005dd   Thumb Code     2  isr.o(i.PendSV_Handler)
    SPI0_IRQHandler                          0x000005df   Thumb Code     2  isr.o(i.SPI0_IRQHandler)
    SVC_Handler                              0x000005e1   Thumb Code     2  isr.o(i.SVC_Handler)
    SYS_IRQHandler                           0x000005e3   Thumb Code     2  isr.o(i.SYS_IRQHandler)
    SetPll                                   0x000005e5   Thumb Code   132  clk.o(i.SetPll)
    SetSysTick                               0x00000675   Thumb Code    42  clk.o(i.SetSysTick)
    SysCLK_Init                              0x000006b1   Thumb Code    12  clk.o(i.SysCLK_Init)
    SysTick_Handler                          0x000006bd   Thumb Code     2  isr.o(i.SysTick_Handler)
    SystemInit                               0x000006c1   Thumb Code    30  system_sc32f5832.o(i.SystemInit)
    TIM6_T0_IRQHandler                       0x000006e9   Thumb Code    50  isr.o(i.TIM6_T0_IRQHandler)
    TIM6_T1_IRQHandler                       0x00000729   Thumb Code     2  isr.o(i.TIM6_T1_IRQHandler)
    TIMER0_IRQHandler                        0x0000072d   Thumb Code    52  isr.o(i.TIMER0_IRQHandler)
    UART0_IRQHandler                         0x00000765   Thumb Code    98  uart0.o(i.UART0_IRQHandler)
    UART1_IRQHandler                         0x000007d5   Thumb Code    98  uart1.o(i.UART1_IRQHandler)
    WWDT_IRQHandler                          0x00000845   Thumb Code     2  isr.o(i.WWDT_IRQHandler)
    __ARM_common_switch8                     0x00000847   Thumb Code    26  gpio.o(i.__ARM_common_switch8)
    delay_ms                                 0x00000861   Thumb Code    60  delay.o(i.delay_ms)
    lcd_init                                 0x000008a9   Thumb Code    82  main.o(i.lcd_init)
    lcd_pos                                  0x00000909   Thumb Code    48  main.o(i.lcd_pos)
    lcd_wstr                                 0x00000939   Thumb Code    28  main.o(i.lcd_wstr)
    main                                     0x00000955   Thumb Code    36  main.o(i.main)
    send_cmd                                 0x0000098d   Thumb Code    28  main.o(i.send_cmd)
    send_dat                                 0x000009a9   Thumb Code    54  main.o(i.send_dat)
    write_char                               0x000009e5   Thumb Code    28  main.o(i.write_char)
    Region$$Table$$Base                      0x00000a00   Number         0  anon$$obj.o(Region$$Table)
    Region$$Table$$Limit                     0x00000a10   Number         0  anon$$obj.o(Region$$Table)
    Uart                                     0x20000000   Data         420  uart0.o(.bss)
    Uart1                                    0x200001a4   Data         420  uart1.o(.bss)
    __libspace_start                         0x20000348   Data          96  libspace.o(.bss)
    __temporary_stack_top$libspace           0x200003a8   Data           0  libspace.o(.bss)



==============================================================================

Memory Map of the image

  Image Entry point : 0x00000205

  Load Region LR_IROM1 (Base: 0x00000000, Size: 0x00000a10, Max: 0x00008000, ABSOLUTE)

    Execution Region ER_IROM1 (Exec base: 0x00000000, Load base: 0x00000000, Size: 0x00000a10, Max: 0x00008000, ABSOLUTE)

    Exec Addr    Load Addr    Size         Type   Attr      Idx    E Section Name        Object

    0x00000000   0x00000000   0x00000204   Data   RO          382    RESET               startup_sc32f5832.o
    0x00000204   0x00000204   0x00000008   Code   RO         1246  * !!!main             c_p.l(__main.o)
    0x0000020c   0x0000020c   0x0000003c   Code   RO         1415    !!!scatter          c_p.l(__scatter.o)
    0x00000248   0x00000248   0x0000001c   Code   RO         1417    !!handler_zi        c_p.l(__scatter_zi.o)
    0x00000264   0x00000264   0x00000002   Code   RO         1284    .ARM.Collect$$libinit$$00000000  c_p.l(libinit.o)
    0x00000266   0x00000266   0x00000000   Code   RO         1298    .ARM.Collect$$libinit$$00000002  c_p.l(libinit2.o)
    0x00000266   0x00000266   0x00000000   Code   RO         1300    .ARM.Collect$$libinit$$00000004  c_p.l(libinit2.o)
    0x00000266   0x00000266   0x00000000   Code   RO         1303    .ARM.Collect$$libinit$$0000000A  c_p.l(libinit2.o)
    0x00000266   0x00000266   0x00000000   Code   RO         1305    .ARM.Collect$$libinit$$0000000C  c_p.l(libinit2.o)
    0x00000266   0x00000266   0x00000000   Code   RO         1307    .ARM.Collect$$libinit$$0000000E  c_p.l(libinit2.o)
    0x00000266   0x00000266   0x00000000   Code   RO         1310    .ARM.Collect$$libinit$$00000011  c_p.l(libinit2.o)
    0x00000266   0x00000266   0x00000000   Code   RO         1312    .ARM.Collect$$libinit$$00000013  c_p.l(libinit2.o)
    0x00000266   0x00000266   0x00000000   Code   RO         1314    .ARM.Collect$$libinit$$00000015  c_p.l(libinit2.o)
    0x00000266   0x00000266   0x00000000   Code   RO         1316    .ARM.Collect$$libinit$$00000017  c_p.l(libinit2.o)
    0x00000266   0x00000266   0x00000000   Code   RO         1318    .ARM.Collect$$libinit$$00000019  c_p.l(libinit2.o)
    0x00000266   0x00000266   0x00000000   Code   RO         1320    .ARM.Collect$$libinit$$0000001B  c_p.l(libinit2.o)
    0x00000266   0x00000266   0x00000000   Code   RO         1322    .ARM.Collect$$libinit$$0000001D  c_p.l(libinit2.o)
    0x00000266   0x00000266   0x00000000   Code   RO         1324    .ARM.Collect$$libinit$$0000001F  c_p.l(libinit2.o)
    0x00000266   0x00000266   0x00000000   Code   RO         1326    .ARM.Collect$$libinit$$00000021  c_p.l(libinit2.o)
    0x00000266   0x00000266   0x00000000   Code   RO         1328    .ARM.Collect$$libinit$$00000023  c_p.l(libinit2.o)
    0x00000266   0x00000266   0x00000000   Code   RO         1330    .ARM.Collect$$libinit$$00000025  c_p.l(libinit2.o)
    0x00000266   0x00000266   0x00000000   Code   RO         1334    .ARM.Collect$$libinit$$0000002C  c_p.l(libinit2.o)
    0x00000266   0x00000266   0x00000000   Code   RO         1336    .ARM.Collect$$libinit$$0000002E  c_p.l(libinit2.o)
    0x00000266   0x00000266   0x00000000   Code   RO         1338    .ARM.Collect$$libinit$$00000030  c_p.l(libinit2.o)
    0x00000266   0x00000266   0x00000000   Code   RO         1340    .ARM.Collect$$libinit$$00000032  c_p.l(libinit2.o)
    0x00000266   0x00000266   0x00000002   Code   RO         1341    .ARM.Collect$$libinit$$00000033  c_p.l(libinit2.o)
    0x00000268   0x00000268   0x00000002   Code   RO         1372    .ARM.Collect$$libshutdown$$00000000  c_p.l(libshutdown.o)
    0x0000026a   0x0000026a   0x00000000   Code   RO         1398    .ARM.Collect$$libshutdown$$00000002  c_p.l(libshutdown2.o)
    0x0000026a   0x0000026a   0x00000000   Code   RO         1400    .ARM.Collect$$libshutdown$$00000004  c_p.l(libshutdown2.o)
    0x0000026a   0x0000026a   0x00000000   Code   RO         1403    .ARM.Collect$$libshutdown$$00000007  c_p.l(libshutdown2.o)
    0x0000026a   0x0000026a   0x00000000   Code   RO         1406    .ARM.Collect$$libshutdown$$0000000A  c_p.l(libshutdown2.o)
    0x0000026a   0x0000026a   0x00000000   Code   RO         1408    .ARM.Collect$$libshutdown$$0000000C  c_p.l(libshutdown2.o)
    0x0000026a   0x0000026a   0x00000000   Code   RO         1411    .ARM.Collect$$libshutdown$$0000000F  c_p.l(libshutdown2.o)
    0x0000026a   0x0000026a   0x00000002   Code   RO         1412    .ARM.Collect$$libshutdown$$00000010  c_p.l(libshutdown2.o)
    0x0000026c   0x0000026c   0x00000000   Code   RO         1248    .ARM.Collect$$rtentry$$00000000  c_p.l(__rtentry.o)
    0x0000026c   0x0000026c   0x00000000   Code   RO         1254    .ARM.Collect$$rtentry$$00000002  c_p.l(__rtentry2.o)
    0x0000026c   0x0000026c   0x00000006   Code   RO         1266    .ARM.Collect$$rtentry$$00000004  c_p.l(__rtentry4.o)
    0x00000272   0x00000272   0x00000000   Code   RO         1256    .ARM.Collect$$rtentry$$00000009  c_p.l(__rtentry2.o)
    0x00000272   0x00000272   0x00000004   Code   RO         1257    .ARM.Collect$$rtentry$$0000000A  c_p.l(__rtentry2.o)
    0x00000276   0x00000276   0x00000000   Code   RO         1259    .ARM.Collect$$rtentry$$0000000C  c_p.l(__rtentry2.o)
    0x00000276   0x00000276   0x00000008   Code   RO         1260    .ARM.Collect$$rtentry$$0000000D  c_p.l(__rtentry2.o)
    0x0000027e   0x0000027e   0x00000002   Code   RO         1289    .ARM.Collect$$rtexit$$00000000  c_p.l(rtexit.o)
    0x00000280   0x00000280   0x00000000   Code   RO         1345    .ARM.Collect$$rtexit$$00000002  c_p.l(rtexit2.o)
    0x00000280   0x00000280   0x00000004   Code   RO         1346    .ARM.Collect$$rtexit$$00000003  c_p.l(rtexit2.o)
    0x00000284   0x00000284   0x00000006   Code   RO         1347    .ARM.Collect$$rtexit$$00000004  c_p.l(rtexit2.o)
    0x0000028a   0x0000028a   0x00000002   PAD
    0x0000028c   0x0000028c   0x0000003c   Code   RO          383    .text               startup_sc32f5832.o
    0x000002c8   0x000002c8   0x00000006   Code   RO         1244    .text               c_p.l(heapauxi.o)
    0x000002ce   0x000002ce   0x0000003e   Code   RO         1270    .text               c_p.l(sys_stackheap_outer.o)
    0x0000030c   0x0000030c   0x00000010   Code   RO         1273    .text               c_p.l(exit.o)
    0x0000031c   0x0000031c   0x00000008   Code   RO         1285    .text               c_p.l(libspace.o)
    0x00000324   0x00000324   0x0000000c   Code   RO         1342    .text               c_p.l(sys_exit.o)
    0x00000330   0x00000330   0x00000002   Code   RO         1361    .text               c_p.l(use_no_semi.o)
    0x00000332   0x00000332   0x00000000   Code   RO         1363    .text               c_p.l(indicate_semi.o)
    0x00000332   0x00000332   0x00000002   Code   RO          817    i.ACMP_OPA_IRQHandler  isr.o
    0x00000334   0x00000334   0x00000002   Code   RO          818    i.ADC0_IRQHandler   isr.o
    0x00000336   0x00000336   0x00000002   Code   RO          819    i.ADC1_IRQHandler   isr.o
    0x00000338   0x00000338   0x00000002   Code   RO          820    i.ADC2_IRQHandler   isr.o
    0x0000033a   0x0000033a   0x00000002   PAD
    0x0000033c   0x0000033c   0x00000010   Code   RO          821    i.ADC_IRQHandler    isr.o
    0x0000034c   0x0000034c   0x00000002   Code   RO          822    i.COPROC_IRQHandler  isr.o
    0x0000034e   0x0000034e   0x00000002   Code   RO          823    i.DMA_IRQHandler    isr.o
    0x00000350   0x00000350   0x00000010   Code   RO            3    i.Delay             main.o
    0x00000360   0x00000360   0x0000000c   Code   RO          537    i.Device_Init       devinit.o
    0x0000036c   0x0000036c   0x00000002   Code   RO          824    i.ERU0_IRQHandler   isr.o
    0x0000036e   0x0000036e   0x00000002   Code   RO          825    i.ERU1_IRQHandler   isr.o
    0x00000370   0x00000370   0x00000002   Code   RO          826    i.ERU2_IRQHandler   isr.o
    0x00000372   0x00000372   0x00000002   Code   RO          827    i.ERU3_IRQHandler   isr.o
    0x00000374   0x00000374   0x00000002   Code   RO          828    i.GPIO0_IRQHandler  isr.o
    0x00000376   0x00000376   0x00000002   Code   RO          829    i.GPIO1_IRQHandler  isr.o
    0x00000378   0x00000378   0x00000002   Code   RO          830    i.GPIO2_IRQHandler  isr.o
    0x0000037a   0x0000037a   0x00000002   PAD
    0x0000037c   0x0000037c   0x0000012c   Code   RO          680    i.GPIO_AF_SEL       gpio.o
    0x000004a8   0x000004a8   0x00000002   Code   RO          831    i.HardFault_Handler  isr.o
    0x000004aa   0x000004aa   0x00000002   Code   RO          832    i.IWDT_IRQHandler   isr.o
    0x000004ac   0x000004ac   0x000000c4   Code   RO          184    i.LED_init          led.o
    0x00000570   0x00000570   0x00000002   Code   RO          833    i.NMI_Handler       isr.o
    0x00000572   0x00000572   0x00000002   PAD
    0x00000574   0x00000574   0x00000024   Code   RO          445    i.OPENPLL           clk.o
    0x00000598   0x00000598   0x00000030   Code   RO          447    i.PLLSET            clk.o
    0x000005c8   0x000005c8   0x00000010   Code   RO          834    i.PWM0_IRQHandler   isr.o
    0x000005d8   0x000005d8   0x00000002   Code   RO          835    i.PWM4_IRQHandler   isr.o
    0x000005da   0x000005da   0x00000002   Code   RO          836    i.PWM_COMB_IRQHandler  isr.o
    0x000005dc   0x000005dc   0x00000002   Code   RO          837    i.PendSV_Handler    isr.o
    0x000005de   0x000005de   0x00000002   Code   RO          838    i.SPI0_IRQHandler   isr.o
    0x000005e0   0x000005e0   0x00000002   Code   RO          839    i.SVC_Handler       isr.o
    0x000005e2   0x000005e2   0x00000002   Code   RO          840    i.SYS_IRQHandler    isr.o
    0x000005e4   0x000005e4   0x00000090   Code   RO          448    i.SetPll            clk.o
    0x00000674   0x00000674   0x0000003c   Code   RO          449    i.SetSysTick        clk.o
    0x000006b0   0x000006b0   0x0000000c   Code   RO          450    i.SysCLK_Init       clk.o
    0x000006bc   0x000006bc   0x00000002   Code   RO          841    i.SysTick_Handler   isr.o
    0x000006be   0x000006be   0x00000002   PAD
    0x000006c0   0x000006c0   0x00000028   Code   RO          390    i.SystemInit        system_sc32f5832.o
    0x000006e8   0x000006e8   0x00000040   Code   RO          842    i.TIM6_T0_IRQHandler  isr.o
    0x00000728   0x00000728   0x00000002   Code   RO          843    i.TIM6_T1_IRQHandler  isr.o
    0x0000072a   0x0000072a   0x00000002   PAD
    0x0000072c   0x0000072c   0x00000038   Code   RO          844    i.TIMER0_IRQHandler  isr.o
    0x00000764   0x00000764   0x00000070   Code   RO         1075    i.UART0_IRQHandler  uart0.o
    0x000007d4   0x000007d4   0x00000070   Code   RO         1150    i.UART1_IRQHandler  uart1.o
    0x00000844   0x00000844   0x00000002   Code   RO          845    i.WWDT_IRQHandler   isr.o
    0x00000846   0x00000846   0x0000001a   Code   RO          719    i.__ARM_common_switch8  gpio.o
    0x00000860   0x00000860   0x00000048   Code   RO          155    i.delay_ms          delay.o
    0x000008a8   0x000008a8   0x00000060   Code   RO            5    i.lcd_init          main.o
    0x00000908   0x00000908   0x00000030   Code   RO            6    i.lcd_pos           main.o
    0x00000938   0x00000938   0x0000001c   Code   RO            7    i.lcd_wstr          main.o
    0x00000954   0x00000954   0x00000038   Code   RO            8    i.main              main.o
    0x0000098c   0x0000098c   0x0000001c   Code   RO            9    i.send_cmd          main.o
    0x000009a8   0x000009a8   0x0000003c   Code   RO           10    i.send_dat          main.o
    0x000009e4   0x000009e4   0x0000001c   Code   RO           11    i.write_char        main.o
    0x00000a00   0x00000a00   0x00000010   Data   RO         1413    Region$$Table       anon$$obj.o


    Execution Region RW_IRAM1 (Exec base: 0x20000000, Load base: 0x00000a10, Size: 0x000006a8, Max: 0x00001000, ABSOLUTE)

    Exec Addr    Load Addr    Size         Type   Attr      Idx    E Section Name        Object

    0x20000000        -       0x000001a4   Zero   RW         1082    .bss                uart0.o
    0x200001a4        -       0x000001a4   Zero   RW         1156    .bss                uart1.o
    0x20000348        -       0x00000060   Zero   RW         1286    .bss                c_p.l(libspace.o)
    0x200003a8        -       0x00000100   Zero   RW          381    HEAP                startup_sc32f5832.o
    0x200004a8        -       0x00000200   Zero   RW          380    STACK               startup_sc32f5832.o


==============================================================================

Image component sizes


      Code (inc. data)   RO Data    RW Data    ZI Data      Debug   Object Name

       300         54          0          0          0       2745   clk.o
        72         12          0          0          0        507   delay.o
        12          0          0          0          0        422   devinit.o
       326         28          0          0          0       1478   gpio.o
       202         26          0          0          0      19397   isr.o
       196          6          0          0          0        511   led.o
       360         40          0          0          0     167802   main.o
        60         28        516          0        768        708   startup_sc32f5832.o
        40         10          0          0          0        409   system_sc32f5832.o
       112         14          0          0        420       1502   uart0.o
       112         14          0          0        420       1498   uart1.o

    ----------------------------------------------------------------------
      1802        232        532          0       1608     196979   Object Totals
         0          0         16          0          0          0   (incl. Generated)
        10          0          0          0          0          0   (incl. Padding)

    ----------------------------------------------------------------------

      Code (inc. data)   RO Data    RW Data    ZI Data      Debug   Library Member Name

         8          0          0          0          0         68   __main.o
         0          0          0          0          0          0   __rtentry.o
        12          0          0          0          0          0   __rtentry2.o
         6          0          0          0          0          0   __rtentry4.o
        60          8          0          0          0          0   __scatter.o
        28          0          0          0          0          0   __scatter_zi.o
        16          0          0          0          0         68   exit.o
         6          0          0          0          0        136   heapauxi.o
         0          0          0          0          0          0   indicate_semi.o
         2          0          0          0          0          0   libinit.o
         2          0          0          0          0          0   libinit2.o
         2          0          0          0          0          0   libshutdown.o
         2          0          0          0          0          0   libshutdown2.o
         8          4          0          0         96         68   libspace.o
         2          0          0          0          0          0   rtexit.o
        10          0          0          0          0          0   rtexit2.o
        12          4          0          0          0         60   sys_exit.o
        62          0          0          0          0         80   sys_stackheap_outer.o
         2          0          0          0          0         68   use_no_semi.o

    ----------------------------------------------------------------------
       242         16          0          0         96        548   Library Totals
         2          0          0          0          0          0   (incl. Padding)

    ----------------------------------------------------------------------

      Code (inc. data)   RO Data    RW Data    ZI Data      Debug   Library Name

       240         16          0          0         96        548   c_p.l

    ----------------------------------------------------------------------
       242         16          0          0         96        548   Library Totals

    ----------------------------------------------------------------------

==============================================================================


      Code (inc. data)   RO Data    RW Data    ZI Data      Debug   

      2044        248        532          0       1704     195299   Grand Totals
      2044        248        532          0       1704     195299   ELF Image Totals
      2044        248        532          0          0          0   ROM Totals

==============================================================================

    Total RO  Size (Code + RO Data)                 2576 (   2.52kB)
    Total RW  Size (RW Data + ZI Data)              1704 (   1.66kB)
    Total ROM Size (Code + RO Data + RW Data)       2576 (   2.52kB)

==============================================================================

