Component: ARM Compiler 5.06 update 5 (build 528) Tool: armlink [4d35e2]

==============================================================================

Section Cross References

    adc.o(i.ADC_Init) refers to adc.o(.data) for ChSel
    clk.o(i.SetPll) refers to clk.o(i.PLLSET) for PLLSET
    clk.o(i.SetPll) refers to clk.o(i.OPENPLL) for OPENPLL
    main.o(i.main) refers to devinit.o(i.Device_Init) for Device_Init
    main.o(i.main) refers to keyboard4x4.o(i.scan_MatrixKey) for scan_MatrixKey
    main.o(i.main) refers to main.o(i.delay_ms) for delay_ms
    main.o(i.main) refers to main.o(.data) for i
    pwm.o(i.PWM_Init) refers to pwm.o(i.PWM_CFG) for PWM_CFG
    gpio.o(i.GPIO_AF_SEL) refers to gpio.o(i.__ARM_common_switch8) for __ARM_common_switch8
    gpio.o(i.GPIO_DRV_SEL) refers to gpio.o(i.__ARM_common_switch8) for __ARM_common_switch8
    gpio.o(i.GPIO_Init) refers to gpio.o(i.GPIO_AF_SEL) for GPIO_AF_SEL
    gpio.o(i.GPIO_Init) refers to gpio.o(i.GPIO_PUPD_SEL) for GPIO_PUPD_SEL
    gpio.o(i.GPIO_OD_SEL) refers to gpio.o(i.__ARM_common_switch8) for __ARM_common_switch8
    gpio.o(i.GPIO_PUPD_SEL) refers to gpio.o(i.__ARM_common_switch8) for __ARM_common_switch8
    irq.o(i.IRQ_Disable) refers to irq.o(i.__NVIC_DisableIRQ) for __NVIC_DisableIRQ
    irq.o(i.IRQ_Enable) refers to irq.o(i.__NVIC_EnableIRQ) for __NVIC_EnableIRQ
    irq.o(i.IRQ_Init) refers to irq.o(i.__NVIC_ClearPendingIRQ) for __NVIC_ClearPendingIRQ
    irq.o(i.IRQ_Init) refers to irq.o(i.__NVIC_SetPriority) for __NVIC_SetPriority
    isr.o(i.GPIO0_IRQHandler) refers to main.o(i.delay_ms) for delay_ms
    isr.o(i.TIM6_T0_IRQHandler) refers to main.o(i.delay_ms) for delay_ms
    uart0.o(i.ReadUartBuf) refers to uart0.o(i.UartRevFunc) for UartRevFunc
    uart0.o(i.ReadUartBuf) refers to uart0.o(.bss) for Uart
    uart0.o(i.SendResponse) refers to uart0.o(i.UartSendByte) for UartSendByte
    uart0.o(i.SendResponse) refers to uart0.o(.bss) for Uart
    uart0.o(i.UART0_IRQHandler) refers to uart0.o(.bss) for Uart
    uart0.o(i.UartRevFunc) refers to uart0.o(.bss) for Uart
    uart0.o(i.UartSendByte) refers to uart0.o(.bss) for Uart
    uart0.o(i.UartSendStart) refers to uart0.o(.bss) for Uart
    uart0.o(i.UartSendString) refers to uart0.o(.bss) for Uart
    uart0.o(i.UartSentUint32ToASCII) refers to uart0.o(i.UartSendByte) for UartSendByte
    uart1.o(i.ReadUart1Buf) refers to uart1.o(i.Uart1RevFunc) for Uart1RevFunc
    uart1.o(i.ReadUart1Buf) refers to uart1.o(.bss) for Uart1
    uart1.o(i.Send1Response) refers to uart1.o(i.Uart1SendByte) for Uart1SendByte
    uart1.o(i.Send1Response) refers to uart1.o(.bss) for Uart1
    uart1.o(i.UART1_IRQHandler) refers to uart1.o(.bss) for Uart1
    uart1.o(i.Uart1RevFunc) refers to uart1.o(.bss) for Uart1
    uart1.o(i.Uart1SendByte) refers to uart1.o(.bss) for Uart1
    uart1.o(i.Uart1SendStart) refers to uart1.o(.bss) for Uart1
    uart1.o(i.Uart1SendString) refers to uart1.o(.bss) for Uart1
    devinit.o(i.Device_Init) refers to irq.o(i.IRQ_Init) for IRQ_Init
    devinit.o(i.Device_Init) refers to gpio.o(i.GPIO_Init) for GPIO_Init
    devinit.o(i.Device_Init) refers to clk.o(i.SetPll) for SetPll
    devinit.o(i.Device_Init) refers to clk.o(i.SetSysTick) for SetSysTick
    devinit.o(i.Device_Init) refers to irq.o(i.IRQ_Enable) for IRQ_Enable
    dma.o(i.DMA_CH0_ADC) refers to dma.o(.bss) for ADCRESULT
    wdt.o(i.WDT_Init) refers to wdt.o(i.__NVIC_SetPriority) for __NVIC_SetPriority
    keyboard4x4.o(i.scan_MatrixKey) refers to gpio.o(i.GPIO_PUPD_SEL) for GPIO_PUPD_SEL
    keyboard4x4.o(i.scan_MatrixKey) refers to keyboard4x4.o(.data) for key_count
    startup_sc32f5832.o(STACK) refers (Special) to heapauxi.o(.text) for __use_two_region_memory
    startup_sc32f5832.o(HEAP) refers (Special) to heapauxi.o(.text) for __use_two_region_memory
    startup_sc32f5832.o(RESET) refers (Special) to heapauxi.o(.text) for __use_two_region_memory
    startup_sc32f5832.o(RESET) refers to startup_sc32f5832.o(.text) for Reset_Handler
    startup_sc32f5832.o(RESET) refers to isr.o(i.NMI_Handler) for NMI_Handler
    startup_sc32f5832.o(RESET) refers to isr.o(i.HardFault_Handler) for HardFault_Handler
    startup_sc32f5832.o(RESET) refers to isr.o(i.SVC_Handler) for SVC_Handler
    startup_sc32f5832.o(RESET) refers to isr.o(i.PendSV_Handler) for PendSV_Handler
    startup_sc32f5832.o(RESET) refers to isr.o(i.SysTick_Handler) for SysTick_Handler
    startup_sc32f5832.o(RESET) refers to uart0.o(i.UART0_IRQHandler) for UART0_IRQHandler
    startup_sc32f5832.o(RESET) refers to uart1.o(i.UART1_IRQHandler) for UART1_IRQHandler
    startup_sc32f5832.o(RESET) refers to isr.o(i.SPI0_IRQHandler) for SPI0_IRQHandler
    startup_sc32f5832.o(RESET) refers to isr.o(i.ACMP_OPA_IRQHandler) for ACMP_OPA_IRQHandler
    startup_sc32f5832.o(RESET) refers to isr.o(i.TIMER0_IRQHandler) for TIMER0_IRQHandler
    startup_sc32f5832.o(RESET) refers to isr.o(i.TIM6_T0_IRQHandler) for TIM6_T0_IRQHandler
    startup_sc32f5832.o(RESET) refers to isr.o(i.TIM6_T1_IRQHandler) for TIM6_T1_IRQHandler
    startup_sc32f5832.o(RESET) refers to isr.o(i.DMA_IRQHandler) for DMA_IRQHandler
    startup_sc32f5832.o(RESET) refers to isr.o(i.COPROC_IRQHandler) for COPROC_IRQHandler
    startup_sc32f5832.o(RESET) refers to isr.o(i.SYS_IRQHandler) for SYS_IRQHandler
    startup_sc32f5832.o(RESET) refers to isr.o(i.WWDT_IRQHandler) for WWDT_IRQHandler
    startup_sc32f5832.o(RESET) refers to isr.o(i.IWDT_IRQHandler) for IWDT_IRQHandler
    startup_sc32f5832.o(RESET) refers to isr.o(i.GPIO0_IRQHandler) for GPIO0_IRQHandler
    startup_sc32f5832.o(RESET) refers to isr.o(i.GPIO1_IRQHandler) for GPIO1_IRQHandler
    startup_sc32f5832.o(RESET) refers to isr.o(i.GPIO2_IRQHandler) for GPIO2_IRQHandler
    startup_sc32f5832.o(RESET) refers to isr.o(i.ADC0_IRQHandler) for ADC0_IRQHandler
    startup_sc32f5832.o(RESET) refers to isr.o(i.ADC1_IRQHandler) for ADC1_IRQHandler
    startup_sc32f5832.o(RESET) refers to isr.o(i.ADC2_IRQHandler) for ADC2_IRQHandler
    startup_sc32f5832.o(RESET) refers to isr.o(i.ADC_IRQHandler) for ADC_IRQHandler
    startup_sc32f5832.o(RESET) refers to isr.o(i.PWM0_IRQHandler) for PWM0_IRQHandler
    startup_sc32f5832.o(RESET) refers to isr.o(i.PWM4_IRQHandler) for PWM4_IRQHandler
    startup_sc32f5832.o(RESET) refers to isr.o(i.PWM_COMB_IRQHandler) for PWM_COMB_IRQHandler
    startup_sc32f5832.o(RESET) refers to isr.o(i.ERU0_IRQHandler) for ERU0_IRQHandler
    startup_sc32f5832.o(RESET) refers to isr.o(i.ERU1_IRQHandler) for ERU1_IRQHandler
    startup_sc32f5832.o(RESET) refers to isr.o(i.ERU2_IRQHandler) for ERU2_IRQHandler
    startup_sc32f5832.o(RESET) refers to isr.o(i.ERU3_IRQHandler) for ERU3_IRQHandler
    startup_sc32f5832.o(.text) refers (Special) to heapauxi.o(.text) for __use_two_region_memory
    startup_sc32f5832.o(.text) refers to system_sc32f5832.o(i.SystemInit) for SystemInit
    startup_sc32f5832.o(.text) refers to __main.o(!!!main) for __main
    startup_sc32f5832.o(.text) refers to startup_sc32f5832.o(HEAP) for Heap_Mem
    startup_sc32f5832.o(.text) refers to startup_sc32f5832.o(STACK) for Stack_Mem
    system_sc32f5832.o(i.SystemCoreClockUpdate) refers to system_sc32f5832.o(.data) for SystemCoreClock
    __main.o(!!!main) refers to __rtentry.o(.ARM.Collect$$rtentry$$00000000) for __rt_entry
    __rtentry.o(.ARM.Collect$$rtentry$$00000000) refers (Special) to __rtentry2.o(.ARM.Collect$$rtentry$$0000000A) for __rt_entry_li
    __rtentry.o(.ARM.Collect$$rtentry$$00000000) refers (Special) to __rtentry2.o(.ARM.Collect$$rtentry$$0000000D) for __rt_entry_main
    __rtentry.o(.ARM.Collect$$rtentry$$00000000) refers (Special) to __rtentry2.o(.ARM.Collect$$rtentry$$0000000C) for __rt_entry_postli_1
    __rtentry.o(.ARM.Collect$$rtentry$$00000000) refers (Special) to __rtentry2.o(.ARM.Collect$$rtentry$$00000009) for __rt_entry_postsh_1
    __rtentry.o(.ARM.Collect$$rtentry$$00000000) refers (Special) to __rtentry2.o(.ARM.Collect$$rtentry$$00000002) for __rt_entry_presh_1
    __rtentry.o(.ARM.Collect$$rtentry$$00000000) refers (Special) to __rtentry4.o(.ARM.Collect$$rtentry$$00000004) for __rt_entry_sh
    __rtentry2.o(.ARM.Collect$$rtentry$$00000008) refers to boardinit2.o(.text) for _platform_post_stackheap_init
    __rtentry2.o(.ARM.Collect$$rtentry$$0000000A) refers to libinit.o(.ARM.Collect$$libinit$$00000000) for __rt_lib_init
    __rtentry2.o(.ARM.Collect$$rtentry$$0000000B) refers to boardinit3.o(.text) for _platform_post_lib_init
    __rtentry2.o(.ARM.Collect$$rtentry$$0000000D) refers to main.o(i.main) for main
    __rtentry2.o(.ARM.Collect$$rtentry$$0000000D) refers to exit.o(.text) for exit
    __rtentry2.o(.ARM.exidx) refers to __rtentry2.o(.ARM.Collect$$rtentry$$00000001) for .ARM.Collect$$rtentry$$00000001
    __rtentry2.o(.ARM.exidx) refers to __rtentry2.o(.ARM.Collect$$rtentry$$00000008) for .ARM.Collect$$rtentry$$00000008
    __rtentry2.o(.ARM.exidx) refers to __rtentry2.o(.ARM.Collect$$rtentry$$0000000A) for .ARM.Collect$$rtentry$$0000000A
    __rtentry2.o(.ARM.exidx) refers to __rtentry2.o(.ARM.Collect$$rtentry$$0000000B) for .ARM.Collect$$rtentry$$0000000B
    __rtentry2.o(.ARM.exidx) refers to __rtentry2.o(.ARM.Collect$$rtentry$$0000000D) for .ARM.Collect$$rtentry$$0000000D
    __rtentry4.o(.ARM.Collect$$rtentry$$00000004) refers to sys_stackheap_outer.o(.text) for __user_setup_stackheap
    __rtentry4.o(.ARM.exidx) refers to __rtentry4.o(.ARM.Collect$$rtentry$$00000004) for .ARM.Collect$$rtentry$$00000004
    sys_stackheap_outer.o(.text) refers to libspace.o(.text) for __user_perproc_libspace
    sys_stackheap_outer.o(.text) refers to startup_sc32f5832.o(.text) for __user_initial_stackheap
    sys_stackheap_outer.o(__vectab_stack_and_reset_area) refers to tempstk.o(.text) for __temporary_stack_top
    sys_stackheap_outer.o(__vectab_stack_and_reset_area) refers to __main.o(!!!main) for __main
    exit.o(.text) refers to rtexit.o(.ARM.Collect$$rtexit$$00000000) for __rt_exit
    libinit.o(.ARM.Collect$$libinit$$00000000) refers (Special) to libinit2.o(.ARM.Collect$$libinit$$0000002E) for __rt_lib_init_alloca_1
    libinit.o(.ARM.Collect$$libinit$$00000000) refers (Special) to libinit2.o(.ARM.Collect$$libinit$$0000002C) for __rt_lib_init_argv_1
    libinit.o(.ARM.Collect$$libinit$$00000000) refers (Special) to libinit2.o(.ARM.Collect$$libinit$$0000001B) for __rt_lib_init_atexit_1
    libinit.o(.ARM.Collect$$libinit$$00000000) refers (Special) to libinit2.o(.ARM.Collect$$libinit$$00000021) for __rt_lib_init_clock_1
    libinit.o(.ARM.Collect$$libinit$$00000000) refers (Special) to libinit2.o(.ARM.Collect$$libinit$$00000032) for __rt_lib_init_cpp_1
    libinit.o(.ARM.Collect$$libinit$$00000000) refers (Special) to libinit2.o(.ARM.Collect$$libinit$$00000030) for __rt_lib_init_exceptions_1
    libinit.o(.ARM.Collect$$libinit$$00000000) refers (Special) to libinit2.o(.ARM.Collect$$libinit$$00000002) for __rt_lib_init_fp_1
    libinit.o(.ARM.Collect$$libinit$$00000000) refers (Special) to libinit2.o(.ARM.Collect$$libinit$$0000001F) for __rt_lib_init_fp_trap_1
    libinit.o(.ARM.Collect$$libinit$$00000000) refers (Special) to libinit2.o(.ARM.Collect$$libinit$$00000023) for __rt_lib_init_getenv_1
    libinit.o(.ARM.Collect$$libinit$$00000000) refers (Special) to libinit2.o(.ARM.Collect$$libinit$$0000000A) for __rt_lib_init_heap_1
    libinit.o(.ARM.Collect$$libinit$$00000000) refers (Special) to libinit2.o(.ARM.Collect$$libinit$$00000011) for __rt_lib_init_lc_collate_1
    libinit.o(.ARM.Collect$$libinit$$00000000) refers (Special) to libinit2.o(.ARM.Collect$$libinit$$00000013) for __rt_lib_init_lc_ctype_1
    libinit.o(.ARM.Collect$$libinit$$00000000) refers (Special) to libinit2.o(.ARM.Collect$$libinit$$00000015) for __rt_lib_init_lc_monetary_1
    libinit.o(.ARM.Collect$$libinit$$00000000) refers (Special) to libinit2.o(.ARM.Collect$$libinit$$00000017) for __rt_lib_init_lc_numeric_1
    libinit.o(.ARM.Collect$$libinit$$00000000) refers (Special) to libinit2.o(.ARM.Collect$$libinit$$00000019) for __rt_lib_init_lc_time_1
    libinit.o(.ARM.Collect$$libinit$$00000000) refers (Special) to libinit2.o(.ARM.Collect$$libinit$$00000004) for __rt_lib_init_preinit_1
    libinit.o(.ARM.Collect$$libinit$$00000000) refers (Special) to libinit2.o(.ARM.Collect$$libinit$$0000000E) for __rt_lib_init_rand_1
    libinit.o(.ARM.Collect$$libinit$$00000000) refers (Special) to libinit2.o(.ARM.Collect$$libinit$$00000033) for __rt_lib_init_return
    libinit.o(.ARM.Collect$$libinit$$00000000) refers (Special) to libinit2.o(.ARM.Collect$$libinit$$0000001D) for __rt_lib_init_signal_1
    libinit.o(.ARM.Collect$$libinit$$00000000) refers (Special) to libinit2.o(.ARM.Collect$$libinit$$00000025) for __rt_lib_init_stdio_1
    libinit.o(.ARM.Collect$$libinit$$00000000) refers (Special) to libinit2.o(.ARM.Collect$$libinit$$0000000C) for __rt_lib_init_user_alloc_1
    libspace.o(.text) refers to libspace.o(.bss) for __libspace_start
    rtexit.o(.ARM.Collect$$rtexit$$00000000) refers (Special) to rtexit2.o(.ARM.Collect$$rtexit$$00000004) for __rt_exit_exit
    rtexit.o(.ARM.Collect$$rtexit$$00000000) refers (Special) to rtexit2.o(.ARM.Collect$$rtexit$$00000003) for __rt_exit_ls
    rtexit.o(.ARM.Collect$$rtexit$$00000000) refers (Special) to rtexit2.o(.ARM.Collect$$rtexit$$00000002) for __rt_exit_prels_1
    rtexit.o(.ARM.exidx) refers (Special) to rtexit2.o(.ARM.Collect$$rtexit$$00000004) for __rt_exit_exit
    rtexit.o(.ARM.exidx) refers (Special) to rtexit2.o(.ARM.Collect$$rtexit$$00000003) for __rt_exit_ls
    rtexit.o(.ARM.exidx) refers (Special) to rtexit2.o(.ARM.Collect$$rtexit$$00000002) for __rt_exit_prels_1
    rtexit.o(.ARM.exidx) refers to rtexit.o(.ARM.Collect$$rtexit$$00000000) for .ARM.Collect$$rtexit$$00000000
    libinit2.o(.ARM.Collect$$libinit$$00000010) refers to libinit2.o(.ARM.Collect$$libinit$$0000000F) for .ARM.Collect$$libinit$$0000000F
    libinit2.o(.ARM.Collect$$libinit$$00000012) refers to libinit2.o(.ARM.Collect$$libinit$$0000000F) for .ARM.Collect$$libinit$$0000000F
    libinit2.o(.ARM.Collect$$libinit$$00000014) refers to libinit2.o(.ARM.Collect$$libinit$$0000000F) for .ARM.Collect$$libinit$$0000000F
    libinit2.o(.ARM.Collect$$libinit$$00000016) refers to libinit2.o(.ARM.Collect$$libinit$$0000000F) for .ARM.Collect$$libinit$$0000000F
    libinit2.o(.ARM.Collect$$libinit$$00000018) refers to libinit2.o(.ARM.Collect$$libinit$$0000000F) for .ARM.Collect$$libinit$$0000000F
    libinit2.o(.ARM.Collect$$libinit$$00000026) refers to argv_veneer.o(.text) for __ARM_argv_veneer
    libinit2.o(.ARM.Collect$$libinit$$00000027) refers to argv_veneer.o(.text) for __ARM_argv_veneer
    rtexit2.o(.ARM.Collect$$rtexit$$00000003) refers to libshutdown.o(.ARM.Collect$$libshutdown$$00000000) for __rt_lib_shutdown
    rtexit2.o(.ARM.Collect$$rtexit$$00000004) refers to sys_exit.o(.text) for _sys_exit
    rtexit2.o(.ARM.exidx) refers to rtexit2.o(.ARM.Collect$$rtexit$$00000001) for .ARM.Collect$$rtexit$$00000001
    rtexit2.o(.ARM.exidx) refers to rtexit2.o(.ARM.Collect$$rtexit$$00000003) for .ARM.Collect$$rtexit$$00000003
    rtexit2.o(.ARM.exidx) refers to rtexit2.o(.ARM.Collect$$rtexit$$00000004) for .ARM.Collect$$rtexit$$00000004
    sys_exit.o(.text) refers (Special) to use_no_semi.o(.text) for __I$use$semihosting
    sys_exit.o(.text) refers (Special) to indicate_semi.o(.text) for __semihosting_library_function
    _get_argv_nomalloc.o(.text) refers (Special) to hrguard.o(.text) for __heap_region$guard
    _get_argv_nomalloc.o(.text) refers to defsig_rtmem_outer.o(.text) for __rt_SIGRTMEM
    _get_argv_nomalloc.o(.text) refers to sys_command.o(.text) for _sys_command_string
    libshutdown.o(.ARM.Collect$$libshutdown$$00000000) refers (Special) to libshutdown2.o(.ARM.Collect$$libshutdown$$00000002) for __rt_lib_shutdown_cpp_1
    libshutdown.o(.ARM.Collect$$libshutdown$$00000000) refers (Special) to libshutdown2.o(.ARM.Collect$$libshutdown$$00000007) for __rt_lib_shutdown_fp_trap_1
    libshutdown.o(.ARM.Collect$$libshutdown$$00000000) refers (Special) to libshutdown2.o(.ARM.Collect$$libshutdown$$0000000F) for __rt_lib_shutdown_heap_1
    libshutdown.o(.ARM.Collect$$libshutdown$$00000000) refers (Special) to libshutdown2.o(.ARM.Collect$$libshutdown$$00000010) for __rt_lib_shutdown_return
    libshutdown.o(.ARM.Collect$$libshutdown$$00000000) refers (Special) to libshutdown2.o(.ARM.Collect$$libshutdown$$0000000A) for __rt_lib_shutdown_signal_1
    libshutdown.o(.ARM.Collect$$libshutdown$$00000000) refers (Special) to libshutdown2.o(.ARM.Collect$$libshutdown$$00000004) for __rt_lib_shutdown_stdio_1
    libshutdown.o(.ARM.Collect$$libshutdown$$00000000) refers (Special) to libshutdown2.o(.ARM.Collect$$libshutdown$$0000000C) for __rt_lib_shutdown_user_alloc_1
    sys_command.o(.text) refers (Special) to use_no_semi.o(.text) for __I$use$semihosting
    sys_command.o(.text) refers (Special) to indicate_semi.o(.text) for __semihosting_library_function
    defsig_rtmem_outer.o(.text) refers to defsig_rtmem_inner.o(.text) for __rt_SIGRTMEM_inner
    defsig_rtmem_outer.o(.text) refers to defsig_exit.o(.text) for __sig_exit
    defsig_rtmem_formal.o(.text) refers to rt_raise.o(.text) for __rt_raise
    rt_raise.o(.text) refers to __raise.o(.text) for __raise
    rt_raise.o(.text) refers to sys_exit.o(.text) for _sys_exit
    defsig_exit.o(.text) refers to sys_exit.o(.text) for _sys_exit
    defsig_rtmem_inner.o(.text) refers to defsig_general.o(.text) for __default_signal_display
    __raise.o(.text) refers to defsig.o(CL$$defsig) for __default_signal_handler
    defsig_general.o(.text) refers to sys_wrch.o(.text) for _ttywrch
    sys_wrch.o(.text) refers (Special) to use_no_semi.o(.text) for __I$use$semihosting
    sys_wrch.o(.text) refers (Special) to indicate_semi.o(.text) for __semihosting_library_function
    defsig.o(CL$$defsig) refers to defsig_rtmem_inner.o(.text) for __rt_SIGRTMEM_inner
    defsig_abrt_inner.o(.text) refers to defsig_general.o(.text) for __default_signal_display
    defsig_fpe_inner.o(.text) refers to defsig_general.o(.text) for __default_signal_display
    defsig_rtred_inner.o(.text) refers to defsig_general.o(.text) for __default_signal_display
    defsig_stak_inner.o(.text) refers to defsig_general.o(.text) for __default_signal_display
    defsig_pvfn_inner.o(.text) refers to defsig_general.o(.text) for __default_signal_display
    defsig_cppl_inner.o(.text) refers to defsig_general.o(.text) for __default_signal_display
    defsig_segv_inner.o(.text) refers to defsig_general.o(.text) for __default_signal_display
    defsig_other.o(.text) refers to defsig_general.o(.text) for __default_signal_display


==============================================================================

Removing Unused input sections from the image.

    Removing adc.o(.rev16_text), (4 bytes).
    Removing adc.o(.revsh_text), (4 bytes).
    Removing adc.o(i.ADC_Init), (1900 bytes).
    Removing adc.o(.data), (192 bytes).
    Removing clk.o(.rev16_text), (4 bytes).
    Removing clk.o(.revsh_text), (4 bytes).
    Removing clk.o(i.OPENOSC), (132 bytes).
    Removing clk.o(i.OSCSET), (48 bytes).
    Removing etimer.o(.rev16_text), (4 bytes).
    Removing etimer.o(.revsh_text), (4 bytes).
    Removing etimer.o(i.T0_ENCODER_MODE), (100 bytes).
    Removing etimer.o(i.T0_Init_CAP), (272 bytes).
    Removing etimer.o(i.T0_Init_PWM), (292 bytes).
    Removing etimer.o(i.T0_PWM_MEASURE), (156 bytes).
    Removing etimer.o(i.TIM6_T0_Init), (60 bytes).
    Removing etimer.o(i.TIM6_T1_Init), (60 bytes).
    Removing main.o(.rev16_text), (4 bytes).
    Removing main.o(.revsh_text), (4 bytes).
    Removing main.o(i.delay_us), (22 bytes).
    Removing pwm.o(.rev16_text), (4 bytes).
    Removing pwm.o(.revsh_text), (4 bytes).
    Removing pwm.o(i.PWM_CFG), (1044 bytes).
    Removing pwm.o(i.PWM_Init), (80 bytes).
    Removing gpio.o(.rev16_text), (4 bytes).
    Removing gpio.o(.revsh_text), (4 bytes).
    Removing gpio.o(i.GPIO_DRV_SEL), (428 bytes).
    Removing gpio.o(i.GPIO_OD_SEL), (428 bytes).
    Removing irq.o(.rev16_text), (4 bytes).
    Removing irq.o(.revsh_text), (4 bytes).
    Removing irq.o(i.IRQ_Disable), (78 bytes).
    Removing irq.o(i.__NVIC_DisableIRQ), (56 bytes).
    Removing isr.o(.rev16_text), (4 bytes).
    Removing isr.o(.revsh_text), (4 bytes).
    Removing uart0.o(.rev16_text), (4 bytes).
    Removing uart0.o(.revsh_text), (4 bytes).
    Removing uart0.o(i.ReadUartBuf), (80 bytes).
    Removing uart0.o(i.SendResponse), (976 bytes).
    Removing uart0.o(i.Uart0_Init), (80 bytes).
    Removing uart0.o(i.UartRevFunc), (316 bytes).
    Removing uart0.o(i.UartSendByte), (52 bytes).
    Removing uart0.o(i.UartSendStart), (80 bytes).
    Removing uart0.o(i.UartSendString), (64 bytes).
    Removing uart0.o(i.UartSentUint32ToASCII), (304 bytes).
    Removing uart1.o(.rev16_text), (4 bytes).
    Removing uart1.o(.revsh_text), (4 bytes).
    Removing uart1.o(i.ReadUart1Buf), (80 bytes).
    Removing uart1.o(i.Send1Response), (976 bytes).
    Removing uart1.o(i.Uart1RevFunc), (316 bytes).
    Removing uart1.o(i.Uart1SendByte), (52 bytes).
    Removing uart1.o(i.Uart1SendStart), (80 bytes).
    Removing uart1.o(i.Uart1SendString), (64 bytes).
    Removing uart1.o(i.Uart1_Init), (80 bytes).
    Removing devinit.o(.rev16_text), (4 bytes).
    Removing devinit.o(.revsh_text), (4 bytes).
    Removing cmp.o(.rev16_text), (4 bytes).
    Removing cmp.o(.revsh_text), (4 bytes).
    Removing cmp.o(i.CMP0_Init), (360 bytes).
    Removing cmp.o(i.CP10_Init), (244 bytes).
    Removing cmp.o(i.CP11_Init), (240 bytes).
    Removing cmp.o(i.CP12_Init), (240 bytes).
    Removing opa.o(.rev16_text), (4 bytes).
    Removing opa.o(.revsh_text), (4 bytes).
    Removing opa.o(i.OPA0_Init), (124 bytes).
    Removing opa.o(i.OPA1_Init), (140 bytes).
    Removing opa.o(i.OPA2_Init), (140 bytes).
    Removing opa.o(i.OPA3_Init), (140 bytes).
    Removing dma.o(.rev16_text), (4 bytes).
    Removing dma.o(.revsh_text), (4 bytes).
    Removing dma.o(i.DMA_CH0_ADC), (84 bytes).
    Removing dma.o(i.DMA_CH0_UART0TX), (80 bytes).
    Removing dma.o(i.DMA_CH1_UART0RX), (80 bytes).
    Removing dma.o(i.DMA_UART_INIT), (40 bytes).
    Removing dma.o(.bss), (64 bytes).
    Removing iap.o(.rev16_text), (4 bytes).
    Removing iap.o(.revsh_text), (4 bytes).
    Removing iap.o(i.EraseFlashSector), (100 bytes).
    Removing iap.o(i.FlashRead), (192 bytes).
    Removing iap.o(i.WriteFlashWord), (100 bytes).
    Removing wdt.o(.rev16_text), (4 bytes).
    Removing wdt.o(.revsh_text), (4 bytes).
    Removing wdt.o(i.WDT_Init), (116 bytes).
    Removing wdt.o(i.__NVIC_SetPriority), (120 bytes).
    Removing keyboard4x4.o(.rev16_text), (4 bytes).
    Removing keyboard4x4.o(.revsh_text), (4 bytes).
    Removing system_sc32f5832.o(.rev16_text), (4 bytes).
    Removing system_sc32f5832.o(.revsh_text), (4 bytes).
    Removing system_sc32f5832.o(i.SystemCoreClockUpdate), (16 bytes).
    Removing system_sc32f5832.o(.data), (4 bytes).

88 unused section(s) (total 11716 bytes) removed from the image.

==============================================================================

Image Symbol Table

    Local Symbols

    Symbol Name                              Value     Ov Type        Size  Object(Section)

    RESET                                    0x00000000   Section      516  startup_sc32f5832.o(RESET)
    ../clib/angel/boardlib.s                 0x00000000   Number         0  boardshut.o ABSOLUTE
    ../clib/angel/boardlib.s                 0x00000000   Number         0  boardinit3.o ABSOLUTE
    ../clib/angel/boardlib.s                 0x00000000   Number         0  boardinit1.o ABSOLUTE
    ../clib/angel/boardlib.s                 0x00000000   Number         0  boardinit2.o ABSOLUTE
    ../clib/angel/handlers.s                 0x00000000   Number         0  __scatter_copy.o ABSOLUTE
    ../clib/angel/handlers.s                 0x00000000   Number         0  __scatter_zi.o ABSOLUTE
    ../clib/angel/kernel.s                   0x00000000   Number         0  rtexit.o ABSOLUTE
    ../clib/angel/kernel.s                   0x00000000   Number         0  __rtentry.o ABSOLUTE
    ../clib/angel/kernel.s                   0x00000000   Number         0  rtexit2.o ABSOLUTE
    ../clib/angel/kernel.s                   0x00000000   Number         0  __rtentry2.o ABSOLUTE
    ../clib/angel/kernel.s                   0x00000000   Number         0  __rtentry4.o ABSOLUTE
    ../clib/angel/rt.s                       0x00000000   Number         0  rt_raise.o ABSOLUTE
    ../clib/angel/scatterp.s                 0x00000000   Number         0  __scatter.o ABSOLUTE
    ../clib/angel/startup.s                  0x00000000   Number         0  __main.o ABSOLUTE
    ../clib/angel/sys.s                      0x00000000   Number         0  indicate_semi.o ABSOLUTE
    ../clib/angel/sys.s                      0x00000000   Number         0  libspace.o ABSOLUTE
    ../clib/angel/sys.s                      0x00000000   Number         0  tempstk.o ABSOLUTE
    ../clib/angel/sys.s                      0x00000000   Number         0  use_no_semi.o ABSOLUTE
    ../clib/angel/sys.s                      0x00000000   Number         0  sys_stackheap_outer.o ABSOLUTE
    ../clib/angel/sysapp.c                   0x00000000   Number         0  sys_wrch.o ABSOLUTE
    ../clib/angel/sysapp.c                   0x00000000   Number         0  sys_command.o ABSOLUTE
    ../clib/angel/sysapp.c                   0x00000000   Number         0  sys_exit.o ABSOLUTE
    ../clib/armsys.c                         0x00000000   Number         0  no_argv.o ABSOLUTE
    ../clib/armsys.c                         0x00000000   Number         0  _get_argv_nomalloc.o ABSOLUTE
    ../clib/armsys.c                         0x00000000   Number         0  argv_veneer.o ABSOLUTE
    ../clib/heapalloc.c                      0x00000000   Number         0  hrguard.o ABSOLUTE
    ../clib/heapaux.c                        0x00000000   Number         0  heapauxi.o ABSOLUTE
    ../clib/libinit.s                        0x00000000   Number         0  libinit.o ABSOLUTE
    ../clib/libinit.s                        0x00000000   Number         0  libshutdown2.o ABSOLUTE
    ../clib/libinit.s                        0x00000000   Number         0  libshutdown.o ABSOLUTE
    ../clib/libinit.s                        0x00000000   Number         0  libinit2.o ABSOLUTE
    ../clib/signal.c                         0x00000000   Number         0  defsig_other.o ABSOLUTE
    ../clib/signal.c                         0x00000000   Number         0  defsig_segv_inner.o ABSOLUTE
    ../clib/signal.c                         0x00000000   Number         0  defsig_cppl_inner.o ABSOLUTE
    ../clib/signal.c                         0x00000000   Number         0  defsig_pvfn_inner.o ABSOLUTE
    ../clib/signal.c                         0x00000000   Number         0  defsig_rtmem_formal.o ABSOLUTE
    ../clib/signal.c                         0x00000000   Number         0  defsig_stak_inner.o ABSOLUTE
    ../clib/signal.c                         0x00000000   Number         0  defsig_rtred_inner.o ABSOLUTE
    ../clib/signal.c                         0x00000000   Number         0  defsig_general.o ABSOLUTE
    ../clib/signal.c                         0x00000000   Number         0  defsig_rtmem_outer.o ABSOLUTE
    ../clib/signal.c                         0x00000000   Number         0  defsig_fpe_inner.o ABSOLUTE
    ../clib/signal.c                         0x00000000   Number         0  defsig_abrt_inner.o ABSOLUTE
    ../clib/signal.c                         0x00000000   Number         0  defsig_exit.o ABSOLUTE
    ../clib/signal.c                         0x00000000   Number         0  __raise.o ABSOLUTE
    ../clib/signal.c                         0x00000000   Number         0  defsig_rtmem_inner.o ABSOLUTE
    ../clib/signal.s                         0x00000000   Number         0  defsig.o ABSOLUTE
    ../clib/stdlib.c                         0x00000000   Number         0  exit.o ABSOLUTE
    ../fplib/cfplib/fpinit.c                 0x00000000   Number         0  fpinit.o ABSOLUTE
    RTE\Device\SC32F5832\startup_SC32F5832.s 0x00000000   Number         0  startup_sc32f5832.o ABSOLUTE
    RTE\Device\SC32F5832\system_SC32F5832.c  0x00000000   Number         0  system_sc32f5832.o ABSOLUTE
    RTE\\Device\\SC32F5832\\system_SC32F5832.c 0x00000000   Number         0  system_sc32f5832.o ABSOLUTE
    SRC\ADC.c                                0x00000000   Number         0  adc.o ABSOLUTE
    SRC\CLK.c                                0x00000000   Number         0  clk.o ABSOLUTE
    SRC\CMP.c                                0x00000000   Number         0  cmp.o ABSOLUTE
    SRC\DMA.c                                0x00000000   Number         0  dma.o ABSOLUTE
    SRC\DevInit.c                            0x00000000   Number         0  devinit.o ABSOLUTE
    SRC\ETIMER.c                             0x00000000   Number         0  etimer.o ABSOLUTE
    SRC\GPIO.c                               0x00000000   Number         0  gpio.o ABSOLUTE
    SRC\IAP.c                                0x00000000   Number         0  iap.o ABSOLUTE
    SRC\IRQ.c                                0x00000000   Number         0  irq.o ABSOLUTE
    SRC\ISR.c                                0x00000000   Number         0  isr.o ABSOLUTE
    SRC\OPA.c                                0x00000000   Number         0  opa.o ABSOLUTE
    SRC\PWM.c                                0x00000000   Number         0  pwm.o ABSOLUTE
    SRC\Uart0.c                              0x00000000   Number         0  uart0.o ABSOLUTE
    SRC\Uart1.c                              0x00000000   Number         0  uart1.o ABSOLUTE
    SRC\WDT.c                                0x00000000   Number         0  wdt.o ABSOLUTE
    SRC\\ADC.c                               0x00000000   Number         0  adc.o ABSOLUTE
    SRC\\CLK.c                               0x00000000   Number         0  clk.o ABSOLUTE
    SRC\\CMP.c                               0x00000000   Number         0  cmp.o ABSOLUTE
    SRC\\DMA.c                               0x00000000   Number         0  dma.o ABSOLUTE
    SRC\\DevInit.c                           0x00000000   Number         0  devinit.o ABSOLUTE
    SRC\\ETIMER.c                            0x00000000   Number         0  etimer.o ABSOLUTE
    SRC\\GPIO.c                              0x00000000   Number         0  gpio.o ABSOLUTE
    SRC\\IAP.c                               0x00000000   Number         0  iap.o ABSOLUTE
    SRC\\IRQ.c                               0x00000000   Number         0  irq.o ABSOLUTE
    SRC\\ISR.c                               0x00000000   Number         0  isr.o ABSOLUTE
    SRC\\OPA.c                               0x00000000   Number         0  opa.o ABSOLUTE
    SRC\\PWM.c                               0x00000000   Number         0  pwm.o ABSOLUTE
    SRC\\Uart0.c                             0x00000000   Number         0  uart0.o ABSOLUTE
    SRC\\Uart1.c                             0x00000000   Number         0  uart1.o ABSOLUTE
    SRC\\WDT.c                               0x00000000   Number         0  wdt.o ABSOLUTE
    SRC\\main.c                              0x00000000   Number         0  main.o ABSOLUTE
    SRC\main.c                               0x00000000   Number         0  main.o ABSOLUTE
    USER\\keyboard4x4.c                      0x00000000   Number         0  keyboard4x4.o ABSOLUTE
    USER\keyboard4x4.c                       0x00000000   Number         0  keyboard4x4.o ABSOLUTE
    dc.s                                     0x00000000   Number         0  dc.o ABSOLUTE
    !!!main                                  0x00000204   Section        8  __main.o(!!!main)
    !!!scatter                               0x0000020c   Section       60  __scatter.o(!!!scatter)
    !!handler_copy                           0x00000248   Section       26  __scatter_copy.o(!!handler_copy)
    !!handler_zi                             0x00000264   Section       28  __scatter_zi.o(!!handler_zi)
    .ARM.Collect$$libinit$$00000000          0x00000280   Section        2  libinit.o(.ARM.Collect$$libinit$$00000000)
    .ARM.Collect$$libinit$$00000002          0x00000282   Section        0  libinit2.o(.ARM.Collect$$libinit$$00000002)
    .ARM.Collect$$libinit$$00000004          0x00000282   Section        0  libinit2.o(.ARM.Collect$$libinit$$00000004)
    .ARM.Collect$$libinit$$0000000A          0x00000282   Section        0  libinit2.o(.ARM.Collect$$libinit$$0000000A)
    .ARM.Collect$$libinit$$0000000C          0x00000282   Section        0  libinit2.o(.ARM.Collect$$libinit$$0000000C)
    .ARM.Collect$$libinit$$0000000E          0x00000282   Section        0  libinit2.o(.ARM.Collect$$libinit$$0000000E)
    .ARM.Collect$$libinit$$00000011          0x00000282   Section        0  libinit2.o(.ARM.Collect$$libinit$$00000011)
    .ARM.Collect$$libinit$$00000013          0x00000282   Section        0  libinit2.o(.ARM.Collect$$libinit$$00000013)
    .ARM.Collect$$libinit$$00000015          0x00000282   Section        0  libinit2.o(.ARM.Collect$$libinit$$00000015)
    .ARM.Collect$$libinit$$00000017          0x00000282   Section        0  libinit2.o(.ARM.Collect$$libinit$$00000017)
    .ARM.Collect$$libinit$$00000019          0x00000282   Section        0  libinit2.o(.ARM.Collect$$libinit$$00000019)
    .ARM.Collect$$libinit$$0000001B          0x00000282   Section        0  libinit2.o(.ARM.Collect$$libinit$$0000001B)
    .ARM.Collect$$libinit$$0000001D          0x00000282   Section        0  libinit2.o(.ARM.Collect$$libinit$$0000001D)
    .ARM.Collect$$libinit$$0000001F          0x00000282   Section        0  libinit2.o(.ARM.Collect$$libinit$$0000001F)
    .ARM.Collect$$libinit$$00000021          0x00000282   Section        0  libinit2.o(.ARM.Collect$$libinit$$00000021)
    .ARM.Collect$$libinit$$00000023          0x00000282   Section        0  libinit2.o(.ARM.Collect$$libinit$$00000023)
    .ARM.Collect$$libinit$$00000025          0x00000282   Section        0  libinit2.o(.ARM.Collect$$libinit$$00000025)
    .ARM.Collect$$libinit$$0000002C          0x00000282   Section        0  libinit2.o(.ARM.Collect$$libinit$$0000002C)
    .ARM.Collect$$libinit$$0000002E          0x00000282   Section        0  libinit2.o(.ARM.Collect$$libinit$$0000002E)
    .ARM.Collect$$libinit$$00000030          0x00000282   Section        0  libinit2.o(.ARM.Collect$$libinit$$00000030)
    .ARM.Collect$$libinit$$00000032          0x00000282   Section        0  libinit2.o(.ARM.Collect$$libinit$$00000032)
    .ARM.Collect$$libinit$$00000033          0x00000282   Section        2  libinit2.o(.ARM.Collect$$libinit$$00000033)
    .ARM.Collect$$libshutdown$$00000000      0x00000284   Section        2  libshutdown.o(.ARM.Collect$$libshutdown$$00000000)
    .ARM.Collect$$libshutdown$$00000002      0x00000286   Section        0  libshutdown2.o(.ARM.Collect$$libshutdown$$00000002)
    .ARM.Collect$$libshutdown$$00000004      0x00000286   Section        0  libshutdown2.o(.ARM.Collect$$libshutdown$$00000004)
    .ARM.Collect$$libshutdown$$00000007      0x00000286   Section        0  libshutdown2.o(.ARM.Collect$$libshutdown$$00000007)
    .ARM.Collect$$libshutdown$$0000000A      0x00000286   Section        0  libshutdown2.o(.ARM.Collect$$libshutdown$$0000000A)
    .ARM.Collect$$libshutdown$$0000000C      0x00000286   Section        0  libshutdown2.o(.ARM.Collect$$libshutdown$$0000000C)
    .ARM.Collect$$libshutdown$$0000000F      0x00000286   Section        0  libshutdown2.o(.ARM.Collect$$libshutdown$$0000000F)
    .ARM.Collect$$libshutdown$$00000010      0x00000286   Section        2  libshutdown2.o(.ARM.Collect$$libshutdown$$00000010)
    .ARM.Collect$$rtentry$$00000000          0x00000288   Section        0  __rtentry.o(.ARM.Collect$$rtentry$$00000000)
    .ARM.Collect$$rtentry$$00000002          0x00000288   Section        0  __rtentry2.o(.ARM.Collect$$rtentry$$00000002)
    .ARM.Collect$$rtentry$$00000004          0x00000288   Section        6  __rtentry4.o(.ARM.Collect$$rtentry$$00000004)
    .ARM.Collect$$rtentry$$00000009          0x0000028e   Section        0  __rtentry2.o(.ARM.Collect$$rtentry$$00000009)
    .ARM.Collect$$rtentry$$0000000A          0x0000028e   Section        4  __rtentry2.o(.ARM.Collect$$rtentry$$0000000A)
    .ARM.Collect$$rtentry$$0000000C          0x00000292   Section        0  __rtentry2.o(.ARM.Collect$$rtentry$$0000000C)
    .ARM.Collect$$rtentry$$0000000D          0x00000292   Section        8  __rtentry2.o(.ARM.Collect$$rtentry$$0000000D)
    .ARM.Collect$$rtexit$$00000000           0x0000029a   Section        2  rtexit.o(.ARM.Collect$$rtexit$$00000000)
    .ARM.Collect$$rtexit$$00000002           0x0000029c   Section        0  rtexit2.o(.ARM.Collect$$rtexit$$00000002)
    .ARM.Collect$$rtexit$$00000003           0x0000029c   Section        4  rtexit2.o(.ARM.Collect$$rtexit$$00000003)
    .ARM.Collect$$rtexit$$00000004           0x000002a0   Section        6  rtexit2.o(.ARM.Collect$$rtexit$$00000004)
    .text                                    0x000002a8   Section       60  startup_sc32f5832.o(.text)
    .text                                    0x000002e4   Section        0  heapauxi.o(.text)
    .text                                    0x000002ea   Section       62  sys_stackheap_outer.o(.text)
    .text                                    0x00000328   Section        0  exit.o(.text)
    .text                                    0x00000338   Section        8  libspace.o(.text)
    .text                                    0x00000340   Section        0  sys_exit.o(.text)
    .text                                    0x0000034c   Section        2  use_no_semi.o(.text)
    .text                                    0x0000034e   Section        0  indicate_semi.o(.text)
    i.ACMP_OPA_IRQHandler                    0x0000034e   Section        0  isr.o(i.ACMP_OPA_IRQHandler)
    i.ADC0_IRQHandler                        0x00000350   Section        0  isr.o(i.ADC0_IRQHandler)
    i.ADC1_IRQHandler                        0x00000352   Section        0  isr.o(i.ADC1_IRQHandler)
    i.ADC2_IRQHandler                        0x00000354   Section        0  isr.o(i.ADC2_IRQHandler)
    i.ADC_IRQHandler                         0x00000358   Section        0  isr.o(i.ADC_IRQHandler)
    i.COPROC_IRQHandler                      0x0000036c   Section        0  isr.o(i.COPROC_IRQHandler)
    i.DMA_IRQHandler                         0x0000036e   Section        0  isr.o(i.DMA_IRQHandler)
    i.Device_Init                            0x00000370   Section        0  devinit.o(i.Device_Init)
    i.ERU0_IRQHandler                        0x00000388   Section        0  isr.o(i.ERU0_IRQHandler)
    i.ERU1_IRQHandler                        0x0000038a   Section        0  isr.o(i.ERU1_IRQHandler)
    i.ERU2_IRQHandler                        0x0000038c   Section        0  isr.o(i.ERU2_IRQHandler)
    i.ERU3_IRQHandler                        0x0000038e   Section        0  isr.o(i.ERU3_IRQHandler)
    i.GPIO0_IRQHandler                       0x00000390   Section        0  isr.o(i.GPIO0_IRQHandler)
    i.GPIO1_IRQHandler                       0x000003f4   Section        0  isr.o(i.GPIO1_IRQHandler)
    i.GPIO2_IRQHandler                       0x000003f6   Section        0  isr.o(i.GPIO2_IRQHandler)
    i.GPIO_AF_SEL                            0x000003f8   Section        0  gpio.o(i.GPIO_AF_SEL)
    i.GPIO_Init                              0x000005a4   Section        0  gpio.o(i.GPIO_Init)
    i.GPIO_PUPD_SEL                          0x00000704   Section        0  gpio.o(i.GPIO_PUPD_SEL)
    i.HardFault_Handler                      0x00000890   Section        0  isr.o(i.HardFault_Handler)
    i.IRQ_Enable                             0x00000892   Section        0  irq.o(i.IRQ_Enable)
    i.IRQ_Init                               0x000008ce   Section        0  irq.o(i.IRQ_Init)
    i.IWDT_IRQHandler                        0x00000960   Section        0  isr.o(i.IWDT_IRQHandler)
    i.NMI_Handler                            0x00000962   Section        0  isr.o(i.NMI_Handler)
    i.OPENPLL                                0x00000964   Section        0  clk.o(i.OPENPLL)
    i.PLLSET                                 0x00000998   Section        0  clk.o(i.PLLSET)
    i.PWM0_IRQHandler                        0x000009cc   Section        0  isr.o(i.PWM0_IRQHandler)
    i.PWM4_IRQHandler                        0x000009e0   Section        0  isr.o(i.PWM4_IRQHandler)
    i.PWM_COMB_IRQHandler                    0x000009e2   Section        0  isr.o(i.PWM_COMB_IRQHandler)
    i.PendSV_Handler                         0x000009e4   Section        0  isr.o(i.PendSV_Handler)
    i.SPI0_IRQHandler                        0x000009e6   Section        0  isr.o(i.SPI0_IRQHandler)
    i.SVC_Handler                            0x000009e8   Section        0  isr.o(i.SVC_Handler)
    i.SYS_IRQHandler                         0x000009ea   Section        0  isr.o(i.SYS_IRQHandler)
    i.SetPll                                 0x000009ec   Section        0  clk.o(i.SetPll)
    i.SetSysTick                             0x00000ae0   Section        0  clk.o(i.SetSysTick)
    i.SysTick_Handler                        0x00000b20   Section        0  isr.o(i.SysTick_Handler)
    i.SystemInit                             0x00000b24   Section        0  system_sc32f5832.o(i.SystemInit)
    i.TIM6_T0_IRQHandler                     0x00000b70   Section        0  isr.o(i.TIM6_T0_IRQHandler)
    i.TIM6_T1_IRQHandler                     0x00000bd0   Section        0  isr.o(i.TIM6_T1_IRQHandler)
    i.TIMER0_IRQHandler                      0x00000bd4   Section        0  isr.o(i.TIMER0_IRQHandler)
    i.UART0_IRQHandler                       0x00000c30   Section        0  uart0.o(i.UART0_IRQHandler)
    i.UART1_IRQHandler                       0x00000cd0   Section        0  uart1.o(i.UART1_IRQHandler)
    i.WWDT_IRQHandler                        0x00000d70   Section        0  isr.o(i.WWDT_IRQHandler)
    i.__ARM_common_switch8                   0x00000d72   Section        0  gpio.o(i.__ARM_common_switch8)
    i.__NVIC_ClearPendingIRQ                 0x00000d90   Section        0  irq.o(i.__NVIC_ClearPendingIRQ)
    __NVIC_ClearPendingIRQ                   0x00000d91   Thumb Code    18  irq.o(i.__NVIC_ClearPendingIRQ)
    i.__NVIC_EnableIRQ                       0x00000da8   Section        0  irq.o(i.__NVIC_EnableIRQ)
    __NVIC_EnableIRQ                         0x00000da9   Thumb Code    18  irq.o(i.__NVIC_EnableIRQ)
    i.__NVIC_SetPriority                     0x00000dc0   Section        0  irq.o(i.__NVIC_SetPriority)
    __NVIC_SetPriority                       0x00000dc1   Thumb Code   110  irq.o(i.__NVIC_SetPriority)
    i.delay_ms                               0x00000e38   Section        0  main.o(i.delay_ms)
    i.main                                   0x00000e58   Section        0  main.o(i.main)
    i.scan_MatrixKey                         0x00000fa4   Section        0  keyboard4x4.o(i.scan_MatrixKey)
    .data                                    0x20000000   Section        8  main.o(.data)
    .data                                    0x20000008   Section        1  keyboard4x4.o(.data)
    key_count                                0x20000008   Data           1  keyboard4x4.o(.data)
    .bss                                     0x2000000c   Section      420  uart0.o(.bss)
    .bss                                     0x200001b0   Section      420  uart1.o(.bss)
    .bss                                     0x20000354   Section       96  libspace.o(.bss)
    HEAP                                     0x200003b8   Section      256  startup_sc32f5832.o(HEAP)
    Heap_Mem                                 0x200003b8   Data         256  startup_sc32f5832.o(HEAP)
    STACK                                    0x200004b8   Section      512  startup_sc32f5832.o(STACK)
    Stack_Mem                                0x200004b8   Data         512  startup_sc32f5832.o(STACK)

    Global Symbols

    Symbol Name                              Value     Ov Type        Size  Object(Section)

    BuildAttributes$$THM_ISAv3M$S$PE$A:L22$X:L11$S22$IEEE1$IW$USESV6$~STKCKD$USESV7$~SHL$OSPACE$ROPI$EBA8$UX$STANDARDLIB$REQ8$PRES8$EABIv2 0x00000000   Number         0  anon$$obj.o ABSOLUTE
    __ARM_use_no_argv                        0x00000000   Number         0  main.o ABSOLUTE
    __Vectors                                0x00000000   Data           4  startup_sc32f5832.o(RESET)
    __ARM_exceptions_init                     - Undefined Weak Reference
    __alloca_initialize                       - Undefined Weak Reference
    __arm_preinit_                            - Undefined Weak Reference
    __cpp_initialize__aeabi_                  - Undefined Weak Reference
    __cxa_finalize                            - Undefined Weak Reference
    __rt_locale                               - Undefined Weak Reference
    __sigvec_lookup                           - Undefined Weak Reference
    _atexit_init                              - Undefined Weak Reference
    _call_atexit_fns                          - Undefined Weak Reference
    _clock_init                               - Undefined Weak Reference
    _fp_trap_init                             - Undefined Weak Reference
    _fp_trap_shutdown                         - Undefined Weak Reference
    _get_lc_collate                           - Undefined Weak Reference
    _get_lc_ctype                             - Undefined Weak Reference
    _get_lc_monetary                          - Undefined Weak Reference
    _get_lc_numeric                           - Undefined Weak Reference
    _get_lc_time                              - Undefined Weak Reference
    _getenv_init                              - Undefined Weak Reference
    _handle_redirection                       - Undefined Weak Reference
    _init_alloc                               - Undefined Weak Reference
    _init_user_alloc                          - Undefined Weak Reference
    _initio                                   - Undefined Weak Reference
    _rand_init                                - Undefined Weak Reference
    _signal_finish                            - Undefined Weak Reference
    _signal_init                              - Undefined Weak Reference
    _terminate_alloc                          - Undefined Weak Reference
    _terminate_user_alloc                     - Undefined Weak Reference
    _terminateio                              - Undefined Weak Reference
    __Vectors_End                            0x00000204   Data           0  startup_sc32f5832.o(RESET)
    __Vectors_Size                           0x00000204   Number         0  startup_sc32f5832.o ABSOLUTE
    __main                                   0x00000205   Thumb Code     8  __main.o(!!!main)
    __scatterload                            0x0000020d   Thumb Code     0  __scatter.o(!!!scatter)
    __scatterload_rt2                        0x0000020d   Thumb Code    52  __scatter.o(!!!scatter)
    __scatterload_rt2_thumb_only             0x0000020d   Thumb Code     0  __scatter.o(!!!scatter)
    __scatterload_null                       0x0000021d   Thumb Code     0  __scatter.o(!!!scatter)
    __scatterload_copy                       0x00000249   Thumb Code    26  __scatter_copy.o(!!handler_copy)
    __scatterload_zeroinit                   0x00000265   Thumb Code    28  __scatter_zi.o(!!handler_zi)
    __rt_lib_init                            0x00000281   Thumb Code     0  libinit.o(.ARM.Collect$$libinit$$00000000)
    __rt_lib_init_alloca_1                   0x00000283   Thumb Code     0  libinit2.o(.ARM.Collect$$libinit$$0000002E)
    __rt_lib_init_argv_1                     0x00000283   Thumb Code     0  libinit2.o(.ARM.Collect$$libinit$$0000002C)
    __rt_lib_init_atexit_1                   0x00000283   Thumb Code     0  libinit2.o(.ARM.Collect$$libinit$$0000001B)
    __rt_lib_init_clock_1                    0x00000283   Thumb Code     0  libinit2.o(.ARM.Collect$$libinit$$00000021)
    __rt_lib_init_cpp_1                      0x00000283   Thumb Code     0  libinit2.o(.ARM.Collect$$libinit$$00000032)
    __rt_lib_init_exceptions_1               0x00000283   Thumb Code     0  libinit2.o(.ARM.Collect$$libinit$$00000030)
    __rt_lib_init_fp_1                       0x00000283   Thumb Code     0  libinit2.o(.ARM.Collect$$libinit$$00000002)
    __rt_lib_init_fp_trap_1                  0x00000283   Thumb Code     0  libinit2.o(.ARM.Collect$$libinit$$0000001F)
    __rt_lib_init_getenv_1                   0x00000283   Thumb Code     0  libinit2.o(.ARM.Collect$$libinit$$00000023)
    __rt_lib_init_heap_1                     0x00000283   Thumb Code     0  libinit2.o(.ARM.Collect$$libinit$$0000000A)
    __rt_lib_init_lc_collate_1               0x00000283   Thumb Code     0  libinit2.o(.ARM.Collect$$libinit$$00000011)
    __rt_lib_init_lc_ctype_1                 0x00000283   Thumb Code     0  libinit2.o(.ARM.Collect$$libinit$$00000013)
    __rt_lib_init_lc_monetary_1              0x00000283   Thumb Code     0  libinit2.o(.ARM.Collect$$libinit$$00000015)
    __rt_lib_init_lc_numeric_1               0x00000283   Thumb Code     0  libinit2.o(.ARM.Collect$$libinit$$00000017)
    __rt_lib_init_lc_time_1                  0x00000283   Thumb Code     0  libinit2.o(.ARM.Collect$$libinit$$00000019)
    __rt_lib_init_preinit_1                  0x00000283   Thumb Code     0  libinit2.o(.ARM.Collect$$libinit$$00000004)
    __rt_lib_init_rand_1                     0x00000283   Thumb Code     0  libinit2.o(.ARM.Collect$$libinit$$0000000E)
    __rt_lib_init_return                     0x00000283   Thumb Code     0  libinit2.o(.ARM.Collect$$libinit$$00000033)
    __rt_lib_init_signal_1                   0x00000283   Thumb Code     0  libinit2.o(.ARM.Collect$$libinit$$0000001D)
    __rt_lib_init_stdio_1                    0x00000283   Thumb Code     0  libinit2.o(.ARM.Collect$$libinit$$00000025)
    __rt_lib_init_user_alloc_1               0x00000283   Thumb Code     0  libinit2.o(.ARM.Collect$$libinit$$0000000C)
    __rt_lib_shutdown                        0x00000285   Thumb Code     0  libshutdown.o(.ARM.Collect$$libshutdown$$00000000)
    __rt_lib_shutdown_cpp_1                  0x00000287   Thumb Code     0  libshutdown2.o(.ARM.Collect$$libshutdown$$00000002)
    __rt_lib_shutdown_fp_trap_1              0x00000287   Thumb Code     0  libshutdown2.o(.ARM.Collect$$libshutdown$$00000007)
    __rt_lib_shutdown_heap_1                 0x00000287   Thumb Code     0  libshutdown2.o(.ARM.Collect$$libshutdown$$0000000F)
    __rt_lib_shutdown_return                 0x00000287   Thumb Code     0  libshutdown2.o(.ARM.Collect$$libshutdown$$00000010)
    __rt_lib_shutdown_signal_1               0x00000287   Thumb Code     0  libshutdown2.o(.ARM.Collect$$libshutdown$$0000000A)
    __rt_lib_shutdown_stdio_1                0x00000287   Thumb Code     0  libshutdown2.o(.ARM.Collect$$libshutdown$$00000004)
    __rt_lib_shutdown_user_alloc_1           0x00000287   Thumb Code     0  libshutdown2.o(.ARM.Collect$$libshutdown$$0000000C)
    __rt_entry                               0x00000289   Thumb Code     0  __rtentry.o(.ARM.Collect$$rtentry$$00000000)
    __rt_entry_presh_1                       0x00000289   Thumb Code     0  __rtentry2.o(.ARM.Collect$$rtentry$$00000002)
    __rt_entry_sh                            0x00000289   Thumb Code     0  __rtentry4.o(.ARM.Collect$$rtentry$$00000004)
    __rt_entry_li                            0x0000028f   Thumb Code     0  __rtentry2.o(.ARM.Collect$$rtentry$$0000000A)
    __rt_entry_postsh_1                      0x0000028f   Thumb Code     0  __rtentry2.o(.ARM.Collect$$rtentry$$00000009)
    __rt_entry_main                          0x00000293   Thumb Code     0  __rtentry2.o(.ARM.Collect$$rtentry$$0000000D)
    __rt_entry_postli_1                      0x00000293   Thumb Code     0  __rtentry2.o(.ARM.Collect$$rtentry$$0000000C)
    __rt_exit                                0x0000029b   Thumb Code     0  rtexit.o(.ARM.Collect$$rtexit$$00000000)
    __rt_exit_ls                             0x0000029d   Thumb Code     0  rtexit2.o(.ARM.Collect$$rtexit$$00000003)
    __rt_exit_prels_1                        0x0000029d   Thumb Code     0  rtexit2.o(.ARM.Collect$$rtexit$$00000002)
    __rt_exit_exit                           0x000002a1   Thumb Code     0  rtexit2.o(.ARM.Collect$$rtexit$$00000004)
    Reset_Handler                            0x000002a9   Thumb Code     8  startup_sc32f5832.o(.text)
    Reserved_IRQHandler                      0x000002bb   Thumb Code     2  startup_sc32f5832.o(.text)
    __user_initial_stackheap                 0x000002c1   Thumb Code    10  startup_sc32f5832.o(.text)
    __use_two_region_memory                  0x000002e5   Thumb Code     2  heapauxi.o(.text)
    __rt_heap_escrow$2region                 0x000002e7   Thumb Code     2  heapauxi.o(.text)
    __rt_heap_expand$2region                 0x000002e9   Thumb Code     2  heapauxi.o(.text)
    __user_setup_stackheap                   0x000002eb   Thumb Code    62  sys_stackheap_outer.o(.text)
    exit                                     0x00000329   Thumb Code    16  exit.o(.text)
    __user_libspace                          0x00000339   Thumb Code     8  libspace.o(.text)
    __user_perproc_libspace                  0x00000339   Thumb Code     0  libspace.o(.text)
    __user_perthread_libspace                0x00000339   Thumb Code     0  libspace.o(.text)
    _sys_exit                                0x00000341   Thumb Code     8  sys_exit.o(.text)
    __I$use$semihosting                      0x0000034d   Thumb Code     0  use_no_semi.o(.text)
    __use_no_semihosting_swi                 0x0000034d   Thumb Code     2  use_no_semi.o(.text)
    ACMP_OPA_IRQHandler                      0x0000034f   Thumb Code     2  isr.o(i.ACMP_OPA_IRQHandler)
    __semihosting_library_function           0x0000034f   Thumb Code     0  indicate_semi.o(.text)
    ADC0_IRQHandler                          0x00000351   Thumb Code     2  isr.o(i.ADC0_IRQHandler)
    ADC1_IRQHandler                          0x00000353   Thumb Code     2  isr.o(i.ADC1_IRQHandler)
    ADC2_IRQHandler                          0x00000355   Thumb Code     2  isr.o(i.ADC2_IRQHandler)
    ADC_IRQHandler                           0x00000359   Thumb Code    16  isr.o(i.ADC_IRQHandler)
    COPROC_IRQHandler                        0x0000036d   Thumb Code     2  isr.o(i.COPROC_IRQHandler)
    DMA_IRQHandler                           0x0000036f   Thumb Code     2  isr.o(i.DMA_IRQHandler)
    Device_Init                              0x00000371   Thumb Code    24  devinit.o(i.Device_Init)
    ERU0_IRQHandler                          0x00000389   Thumb Code     2  isr.o(i.ERU0_IRQHandler)
    ERU1_IRQHandler                          0x0000038b   Thumb Code     2  isr.o(i.ERU1_IRQHandler)
    ERU2_IRQHandler                          0x0000038d   Thumb Code     2  isr.o(i.ERU2_IRQHandler)
    ERU3_IRQHandler                          0x0000038f   Thumb Code     2  isr.o(i.ERU3_IRQHandler)
    GPIO0_IRQHandler                         0x00000391   Thumb Code    90  isr.o(i.GPIO0_IRQHandler)
    GPIO1_IRQHandler                         0x000003f5   Thumb Code     2  isr.o(i.GPIO1_IRQHandler)
    GPIO2_IRQHandler                         0x000003f7   Thumb Code     2  isr.o(i.GPIO2_IRQHandler)
    GPIO_AF_SEL                              0x000003f9   Thumb Code   418  gpio.o(i.GPIO_AF_SEL)
    GPIO_Init                                0x000005a5   Thumb Code   346  gpio.o(i.GPIO_Init)
    GPIO_PUPD_SEL                            0x00000705   Thumb Code   386  gpio.o(i.GPIO_PUPD_SEL)
    HardFault_Handler                        0x00000891   Thumb Code     2  isr.o(i.HardFault_Handler)
    IRQ_Enable                               0x00000893   Thumb Code    60  irq.o(i.IRQ_Enable)
    IRQ_Init                                 0x000008cf   Thumb Code   146  irq.o(i.IRQ_Init)
    IWDT_IRQHandler                          0x00000961   Thumb Code     2  isr.o(i.IWDT_IRQHandler)
    NMI_Handler                              0x00000963   Thumb Code     2  isr.o(i.NMI_Handler)
    OPENPLL                                  0x00000965   Thumb Code    42  clk.o(i.OPENPLL)
    PLLSET                                   0x00000999   Thumb Code    40  clk.o(i.PLLSET)
    PWM0_IRQHandler                          0x000009cd   Thumb Code    16  isr.o(i.PWM0_IRQHandler)
    PWM4_IRQHandler                          0x000009e1   Thumb Code     2  isr.o(i.PWM4_IRQHandler)
    PWM_COMB_IRQHandler                      0x000009e3   Thumb Code     2  isr.o(i.PWM_COMB_IRQHandler)
    PendSV_Handler                           0x000009e5   Thumb Code     2  isr.o(i.PendSV_Handler)
    SPI0_IRQHandler                          0x000009e7   Thumb Code     2  isr.o(i.SPI0_IRQHandler)
    SVC_Handler                              0x000009e9   Thumb Code     2  isr.o(i.SVC_Handler)
    SYS_IRQHandler                           0x000009eb   Thumb Code     2  isr.o(i.SYS_IRQHandler)
    SetPll                                   0x000009ed   Thumb Code   230  clk.o(i.SetPll)
    SetSysTick                               0x00000ae1   Thumb Code    46  clk.o(i.SetSysTick)
    SysTick_Handler                          0x00000b21   Thumb Code     2  isr.o(i.SysTick_Handler)
    SystemInit                               0x00000b25   Thumb Code    66  system_sc32f5832.o(i.SystemInit)
    TIM6_T0_IRQHandler                       0x00000b71   Thumb Code    86  isr.o(i.TIM6_T0_IRQHandler)
    TIM6_T1_IRQHandler                       0x00000bd1   Thumb Code     2  isr.o(i.TIM6_T1_IRQHandler)
    TIMER0_IRQHandler                        0x00000bd5   Thumb Code    88  isr.o(i.TIMER0_IRQHandler)
    UART0_IRQHandler                         0x00000c31   Thumb Code   146  uart0.o(i.UART0_IRQHandler)
    UART1_IRQHandler                         0x00000cd1   Thumb Code   146  uart1.o(i.UART1_IRQHandler)
    WWDT_IRQHandler                          0x00000d71   Thumb Code     2  isr.o(i.WWDT_IRQHandler)
    __ARM_common_switch8                     0x00000d73   Thumb Code    28  gpio.o(i.__ARM_common_switch8)
    delay_ms                                 0x00000e39   Thumb Code    28  main.o(i.delay_ms)
    main                                     0x00000e59   Thumb Code   318  main.o(i.main)
    scan_MatrixKey                           0x00000fa5   Thumb Code   430  keyboard4x4.o(i.scan_MatrixKey)
    Region$$Table$$Base                      0x00001160   Number         0  anon$$obj.o(Region$$Table)
    Region$$Table$$Limit                     0x00001180   Number         0  anon$$obj.o(Region$$Table)
    i                                        0x20000000   Data           2  main.o(.data)
    j                                        0x20000002   Data           2  main.o(.data)
    k                                        0x20000004   Data           2  main.o(.data)
    l                                        0x20000006   Data           2  main.o(.data)
    Uart                                     0x2000000c   Data         420  uart0.o(.bss)
    Uart1                                    0x200001b0   Data         420  uart1.o(.bss)
    __libspace_start                         0x20000354   Data          96  libspace.o(.bss)
    __temporary_stack_top$libspace           0x200003b4   Data           0  libspace.o(.bss)



==============================================================================

Memory Map of the image

  Image Entry point : 0x00000205

  Load Region LR_IROM1 (Base: 0x00000000, Size: 0x0000118c, Max: 0x00008000, ABSOLUTE)

    Execution Region ER_IROM1 (Exec base: 0x00000000, Load base: 0x00000000, Size: 0x00001180, Max: 0x00008000, ABSOLUTE)

    Exec Addr    Load Addr    Size         Type   Attr      Idx    E Section Name        Object

    0x00000000   0x00000000   0x00000204   Data   RO          958    RESET               startup_sc32f5832.o
    0x00000204   0x00000204   0x00000008   Code   RO          999  * !!!main             c_p.l(__main.o)
    0x0000020c   0x0000020c   0x0000003c   Code   RO         1158    !!!scatter          c_p.l(__scatter.o)
    0x00000248   0x00000248   0x0000001a   Code   RO         1160    !!handler_copy      c_p.l(__scatter_copy.o)
    0x00000262   0x00000262   0x00000002   PAD
    0x00000264   0x00000264   0x0000001c   Code   RO         1162    !!handler_zi        c_p.l(__scatter_zi.o)
    0x00000280   0x00000280   0x00000002   Code   RO         1027    .ARM.Collect$$libinit$$00000000  c_p.l(libinit.o)
    0x00000282   0x00000282   0x00000000   Code   RO         1035    .ARM.Collect$$libinit$$00000002  c_p.l(libinit2.o)
    0x00000282   0x00000282   0x00000000   Code   RO         1037    .ARM.Collect$$libinit$$00000004  c_p.l(libinit2.o)
    0x00000282   0x00000282   0x00000000   Code   RO         1040    .ARM.Collect$$libinit$$0000000A  c_p.l(libinit2.o)
    0x00000282   0x00000282   0x00000000   Code   RO         1042    .ARM.Collect$$libinit$$0000000C  c_p.l(libinit2.o)
    0x00000282   0x00000282   0x00000000   Code   RO         1044    .ARM.Collect$$libinit$$0000000E  c_p.l(libinit2.o)
    0x00000282   0x00000282   0x00000000   Code   RO         1047    .ARM.Collect$$libinit$$00000011  c_p.l(libinit2.o)
    0x00000282   0x00000282   0x00000000   Code   RO         1049    .ARM.Collect$$libinit$$00000013  c_p.l(libinit2.o)
    0x00000282   0x00000282   0x00000000   Code   RO         1051    .ARM.Collect$$libinit$$00000015  c_p.l(libinit2.o)
    0x00000282   0x00000282   0x00000000   Code   RO         1053    .ARM.Collect$$libinit$$00000017  c_p.l(libinit2.o)
    0x00000282   0x00000282   0x00000000   Code   RO         1055    .ARM.Collect$$libinit$$00000019  c_p.l(libinit2.o)
    0x00000282   0x00000282   0x00000000   Code   RO         1057    .ARM.Collect$$libinit$$0000001B  c_p.l(libinit2.o)
    0x00000282   0x00000282   0x00000000   Code   RO         1059    .ARM.Collect$$libinit$$0000001D  c_p.l(libinit2.o)
    0x00000282   0x00000282   0x00000000   Code   RO         1061    .ARM.Collect$$libinit$$0000001F  c_p.l(libinit2.o)
    0x00000282   0x00000282   0x00000000   Code   RO         1063    .ARM.Collect$$libinit$$00000021  c_p.l(libinit2.o)
    0x00000282   0x00000282   0x00000000   Code   RO         1065    .ARM.Collect$$libinit$$00000023  c_p.l(libinit2.o)
    0x00000282   0x00000282   0x00000000   Code   RO         1067    .ARM.Collect$$libinit$$00000025  c_p.l(libinit2.o)
    0x00000282   0x00000282   0x00000000   Code   RO         1071    .ARM.Collect$$libinit$$0000002C  c_p.l(libinit2.o)
    0x00000282   0x00000282   0x00000000   Code   RO         1073    .ARM.Collect$$libinit$$0000002E  c_p.l(libinit2.o)
    0x00000282   0x00000282   0x00000000   Code   RO         1075    .ARM.Collect$$libinit$$00000030  c_p.l(libinit2.o)
    0x00000282   0x00000282   0x00000000   Code   RO         1077    .ARM.Collect$$libinit$$00000032  c_p.l(libinit2.o)
    0x00000282   0x00000282   0x00000002   Code   RO         1078    .ARM.Collect$$libinit$$00000033  c_p.l(libinit2.o)
    0x00000284   0x00000284   0x00000002   Code   RO         1098    .ARM.Collect$$libshutdown$$00000000  c_p.l(libshutdown.o)
    0x00000286   0x00000286   0x00000000   Code   RO         1111    .ARM.Collect$$libshutdown$$00000002  c_p.l(libshutdown2.o)
    0x00000286   0x00000286   0x00000000   Code   RO         1113    .ARM.Collect$$libshutdown$$00000004  c_p.l(libshutdown2.o)
    0x00000286   0x00000286   0x00000000   Code   RO         1116    .ARM.Collect$$libshutdown$$00000007  c_p.l(libshutdown2.o)
    0x00000286   0x00000286   0x00000000   Code   RO         1119    .ARM.Collect$$libshutdown$$0000000A  c_p.l(libshutdown2.o)
    0x00000286   0x00000286   0x00000000   Code   RO         1121    .ARM.Collect$$libshutdown$$0000000C  c_p.l(libshutdown2.o)
    0x00000286   0x00000286   0x00000000   Code   RO         1124    .ARM.Collect$$libshutdown$$0000000F  c_p.l(libshutdown2.o)
    0x00000286   0x00000286   0x00000002   Code   RO         1125    .ARM.Collect$$libshutdown$$00000010  c_p.l(libshutdown2.o)
    0x00000288   0x00000288   0x00000000   Code   RO         1001    .ARM.Collect$$rtentry$$00000000  c_p.l(__rtentry.o)
    0x00000288   0x00000288   0x00000000   Code   RO         1003    .ARM.Collect$$rtentry$$00000002  c_p.l(__rtentry2.o)
    0x00000288   0x00000288   0x00000006   Code   RO         1015    .ARM.Collect$$rtentry$$00000004  c_p.l(__rtentry4.o)
    0x0000028e   0x0000028e   0x00000000   Code   RO         1005    .ARM.Collect$$rtentry$$00000009  c_p.l(__rtentry2.o)
    0x0000028e   0x0000028e   0x00000004   Code   RO         1006    .ARM.Collect$$rtentry$$0000000A  c_p.l(__rtentry2.o)
    0x00000292   0x00000292   0x00000000   Code   RO         1008    .ARM.Collect$$rtentry$$0000000C  c_p.l(__rtentry2.o)
    0x00000292   0x00000292   0x00000008   Code   RO         1009    .ARM.Collect$$rtentry$$0000000D  c_p.l(__rtentry2.o)
    0x0000029a   0x0000029a   0x00000002   Code   RO         1032    .ARM.Collect$$rtexit$$00000000  c_p.l(rtexit.o)
    0x0000029c   0x0000029c   0x00000000   Code   RO         1080    .ARM.Collect$$rtexit$$00000002  c_p.l(rtexit2.o)
    0x0000029c   0x0000029c   0x00000004   Code   RO         1081    .ARM.Collect$$rtexit$$00000003  c_p.l(rtexit2.o)
    0x000002a0   0x000002a0   0x00000006   Code   RO         1082    .ARM.Collect$$rtexit$$00000004  c_p.l(rtexit2.o)
    0x000002a6   0x000002a6   0x00000002   PAD
    0x000002a8   0x000002a8   0x0000003c   Code   RO          959    .text               startup_sc32f5832.o
    0x000002e4   0x000002e4   0x00000006   Code   RO          997    .text               c_p.l(heapauxi.o)
    0x000002ea   0x000002ea   0x0000003e   Code   RO         1017    .text               c_p.l(sys_stackheap_outer.o)
    0x00000328   0x00000328   0x00000010   Code   RO         1020    .text               c_p.l(exit.o)
    0x00000338   0x00000338   0x00000008   Code   RO         1028    .text               c_p.l(libspace.o)
    0x00000340   0x00000340   0x0000000c   Code   RO         1090    .text               c_p.l(sys_exit.o)
    0x0000034c   0x0000034c   0x00000002   Code   RO         1101    .text               c_p.l(use_no_semi.o)
    0x0000034e   0x0000034e   0x00000000   Code   RO         1103    .text               c_p.l(indicate_semi.o)
    0x0000034e   0x0000034e   0x00000002   Code   RO          397    i.ACMP_OPA_IRQHandler  isr.o
    0x00000350   0x00000350   0x00000002   Code   RO          398    i.ADC0_IRQHandler   isr.o
    0x00000352   0x00000352   0x00000002   Code   RO          399    i.ADC1_IRQHandler   isr.o
    0x00000354   0x00000354   0x00000002   Code   RO          400    i.ADC2_IRQHandler   isr.o
    0x00000356   0x00000356   0x00000002   PAD
    0x00000358   0x00000358   0x00000014   Code   RO          401    i.ADC_IRQHandler    isr.o
    0x0000036c   0x0000036c   0x00000002   Code   RO          402    i.COPROC_IRQHandler  isr.o
    0x0000036e   0x0000036e   0x00000002   Code   RO          403    i.DMA_IRQHandler    isr.o
    0x00000370   0x00000370   0x00000018   Code   RO          733    i.Device_Init       devinit.o
    0x00000388   0x00000388   0x00000002   Code   RO          404    i.ERU0_IRQHandler   isr.o
    0x0000038a   0x0000038a   0x00000002   Code   RO          405    i.ERU1_IRQHandler   isr.o
    0x0000038c   0x0000038c   0x00000002   Code   RO          406    i.ERU2_IRQHandler   isr.o
    0x0000038e   0x0000038e   0x00000002   Code   RO          407    i.ERU3_IRQHandler   isr.o
    0x00000390   0x00000390   0x00000064   Code   RO          408    i.GPIO0_IRQHandler  isr.o
    0x000003f4   0x000003f4   0x00000002   Code   RO          409    i.GPIO1_IRQHandler  isr.o
    0x000003f6   0x000003f6   0x00000002   Code   RO          410    i.GPIO2_IRQHandler  isr.o
    0x000003f8   0x000003f8   0x000001ac   Code   RO          296    i.GPIO_AF_SEL       gpio.o
    0x000005a4   0x000005a4   0x00000160   Code   RO          298    i.GPIO_Init         gpio.o
    0x00000704   0x00000704   0x0000018c   Code   RO          300    i.GPIO_PUPD_SEL     gpio.o
    0x00000890   0x00000890   0x00000002   Code   RO          411    i.HardFault_Handler  isr.o
    0x00000892   0x00000892   0x0000003c   Code   RO          343    i.IRQ_Enable        irq.o
    0x000008ce   0x000008ce   0x00000092   Code   RO          344    i.IRQ_Init          irq.o
    0x00000960   0x00000960   0x00000002   Code   RO          412    i.IWDT_IRQHandler   isr.o
    0x00000962   0x00000962   0x00000002   Code   RO          413    i.NMI_Handler       isr.o
    0x00000964   0x00000964   0x00000034   Code   RO           91    i.OPENPLL           clk.o
    0x00000998   0x00000998   0x00000034   Code   RO           93    i.PLLSET            clk.o
    0x000009cc   0x000009cc   0x00000014   Code   RO          414    i.PWM0_IRQHandler   isr.o
    0x000009e0   0x000009e0   0x00000002   Code   RO          415    i.PWM4_IRQHandler   isr.o
    0x000009e2   0x000009e2   0x00000002   Code   RO          416    i.PWM_COMB_IRQHandler  isr.o
    0x000009e4   0x000009e4   0x00000002   Code   RO          417    i.PendSV_Handler    isr.o
    0x000009e6   0x000009e6   0x00000002   Code   RO          418    i.SPI0_IRQHandler   isr.o
    0x000009e8   0x000009e8   0x00000002   Code   RO          419    i.SVC_Handler       isr.o
    0x000009ea   0x000009ea   0x00000002   Code   RO          420    i.SYS_IRQHandler    isr.o
    0x000009ec   0x000009ec   0x000000f4   Code   RO           94    i.SetPll            clk.o
    0x00000ae0   0x00000ae0   0x00000040   Code   RO           95    i.SetSysTick        clk.o
    0x00000b20   0x00000b20   0x00000002   Code   RO          421    i.SysTick_Handler   isr.o
    0x00000b22   0x00000b22   0x00000002   PAD
    0x00000b24   0x00000b24   0x0000004c   Code   RO          966    i.SystemInit        system_sc32f5832.o
    0x00000b70   0x00000b70   0x00000060   Code   RO          422    i.TIM6_T0_IRQHandler  isr.o
    0x00000bd0   0x00000bd0   0x00000002   Code   RO          423    i.TIM6_T1_IRQHandler  isr.o
    0x00000bd2   0x00000bd2   0x00000002   PAD
    0x00000bd4   0x00000bd4   0x0000005c   Code   RO          424    i.TIMER0_IRQHandler  isr.o
    0x00000c30   0x00000c30   0x000000a0   Code   RO          591    i.UART0_IRQHandler  uart0.o
    0x00000cd0   0x00000cd0   0x000000a0   Code   RO          666    i.UART1_IRQHandler  uart1.o
    0x00000d70   0x00000d70   0x00000002   Code   RO          425    i.WWDT_IRQHandler   isr.o
    0x00000d72   0x00000d72   0x0000001c   Code   RO          335    i.__ARM_common_switch8  gpio.o
    0x00000d8e   0x00000d8e   0x00000002   PAD
    0x00000d90   0x00000d90   0x00000018   Code   RO          345    i.__NVIC_ClearPendingIRQ  irq.o
    0x00000da8   0x00000da8   0x00000018   Code   RO          347    i.__NVIC_EnableIRQ  irq.o
    0x00000dc0   0x00000dc0   0x00000078   Code   RO          348    i.__NVIC_SetPriority  irq.o
    0x00000e38   0x00000e38   0x00000020   Code   RO          190    i.delay_ms          main.o
    0x00000e58   0x00000e58   0x0000014c   Code   RO          192    i.main              main.o
    0x00000fa4   0x00000fa4   0x000001bc   Code   RO          934    i.scan_MatrixKey    keyboard4x4.o
    0x00001160   0x00001160   0x00000020   Data   RO         1156    Region$$Table       anon$$obj.o


    Execution Region RW_IRAM1 (Exec base: 0x20000000, Load base: 0x00001180, Size: 0x000006b8, Max: 0x00001000, ABSOLUTE)

    Exec Addr    Load Addr    Size         Type   Attr      Idx    E Section Name        Object

    0x20000000   0x00001180   0x00000008   Data   RW          193    .data               main.o
    0x20000008   0x00001188   0x00000001   Data   RW          935    .data               keyboard4x4.o
    0x20000009   0x00001189   0x00000003   PAD
    0x2000000c        -       0x000001a4   Zero   RW          598    .bss                uart0.o
    0x200001b0        -       0x000001a4   Zero   RW          672    .bss                uart1.o
    0x20000354        -       0x00000060   Zero   RW         1029    .bss                c_p.l(libspace.o)
    0x200003b4   0x00001189   0x00000004   PAD
    0x200003b8        -       0x00000100   Zero   RW          957    HEAP                startup_sc32f5832.o
    0x200004b8        -       0x00000200   Zero   RW          956    STACK               startup_sc32f5832.o


==============================================================================

Image component sizes


      Code (inc. data)   RO Data    RW Data    ZI Data      Debug   Object Name

         0          0          0          0          0     163100   adc.o
       412         54          0          0          0       1853   clk.o
        24          0          0          0          0        442   devinit.o
      1204         62          0          0          0       2546   gpio.o
       374         22          0          0          0       9276   irq.o
       376         32          0          0          0      18933   isr.o
       444         14          0          1          0        777   keyboard4x4.o
       364         18          0          8          0       1452   main.o
        60         28        516          0        768        756   startup_sc32f5832.o
        76         10          0          0          0        485   system_sc32f5832.o
       160         14          0          0        420       1502   uart0.o
       160         14          0          0        420       1506   uart1.o

    ----------------------------------------------------------------------
      3662        268        548         12       1608     202628   Object Totals
         0          0         32          0          0          0   (incl. Generated)
         8          0          0          3          0          0   (incl. Padding)

    ----------------------------------------------------------------------

      Code (inc. data)   RO Data    RW Data    ZI Data      Debug   Library Member Name

         8          0          0          0          0         68   __main.o
         0          0          0          0          0          0   __rtentry.o
        12          0          0          0          0          0   __rtentry2.o
         6          0          0          0          0          0   __rtentry4.o
        60          8          0          0          0          0   __scatter.o
        26          0          0          0          0          0   __scatter_copy.o
        28          0          0          0          0          0   __scatter_zi.o
        16          0          0          0          0         68   exit.o
         6          0          0          0          0        136   heapauxi.o
         0          0          0          0          0          0   indicate_semi.o
         2          0          0          0          0          0   libinit.o
         2          0          0          0          0          0   libinit2.o
         2          0          0          0          0          0   libshutdown.o
         2          0          0          0          0          0   libshutdown2.o
         8          4          0          0         96         68   libspace.o
         2          0          0          0          0          0   rtexit.o
        10          0          0          0          0          0   rtexit2.o
        12          4          0          0          0         60   sys_exit.o
        62          0          0          0          0         80   sys_stackheap_outer.o
         2          0          0          0          0         68   use_no_semi.o

    ----------------------------------------------------------------------
       270         16          0          0        100        548   Library Totals
         4          0          0          0          4          0   (incl. Padding)

    ----------------------------------------------------------------------

      Code (inc. data)   RO Data    RW Data    ZI Data      Debug   Library Name

       266         16          0          0         96        548   c_p.l

    ----------------------------------------------------------------------
       270         16          0          0        100        548   Library Totals

    ----------------------------------------------------------------------

==============================================================================


      Code (inc. data)   RO Data    RW Data    ZI Data      Debug   

      3932        284        548         12       1708     201016   Grand Totals
      3932        284        548         12       1708     201016   ELF Image Totals
      3932        284        548         12          0          0   ROM Totals

==============================================================================

    Total RO  Size (Code + RO Data)                 4480 (   4.38kB)
    Total RW  Size (RW Data + ZI Data)              1720 (   1.68kB)
    Total ROM Size (Code + RO Data + RW Data)       4492 (   4.39kB)

==============================================================================

